Component: ARM Compiler 5.05 update 1 (build 106) Tool: armlink [4d0efa]

==============================================================================

Section Cross References

    main.o(.text) refers to pid.o(.text) for closetopoint
    main.o(.text) refers to delay.o(.text) for delay_ms
    main.o(.text) refers to usart3.o(.text) for u3_printf
    main.o(.text) refers to misc.o(.text) for NVIC_PriorityGroupConfig
    main.o(.text) refers to rs485.o(.text) for RS485_Init
    main.o(.text) refers to uart4.o(.text) for usart4_init
    main.o(.text) refers to usart6.o(.text) for usart6_init
    main.o(.text) refers to usart.o(.text) for uart_init
    main.o(.text) refers to pwm.o(.text) for LED2_Init
    main.o(.text) refers to stm32f4xx_tim.o(.text) for TIM_SetCompare1
    main.o(.text) refers to timer.o(.text) for Init_Nvic
    main.o(.text) refers to main.o(.data) for walkstate
    main.o(.text) refers to usart3.o(.data) for USART3_RX_STA
    main.o(.text) refers to uart4.o(.data) for USART4_RX_STA
    system_stm32f4xx.o(.text) refers to system_stm32f4xx.o(.data) for SystemCoreClock
    pid.o(.text) refers to f2d.o(x$fpl$f2d) for __aeabi_f2d
    pid.o(.text) refers to fabs.o(i.__hardfp_fabs) for __hardfp_fabs
    pid.o(.text) refers to d2f.o(x$fpl$d2f) for __aeabi_d2f
    pid.o(.text) refers to stm32f4xx_tim.o(.text) for TIM_SetCompare2
    pid.o(.text) refers to delay.o(.text) for delay_ms
    pid.o(.text) refers to pid.o(.data) for pastLSpeed
    pid.o(.text) refers to main.o(.data) for xpo
    pid.o(.text) refers to pid.o(.bss) for xzhi
    pid.o(.text) refers to usart.o(.data) for zxpo
    pid.o(.text) refers to dflt_clz.o(x$fpl$dflt) for __aeabi_i2d
    pid.o(.text) refers to drleqf.o(x$fpl$drleqf) for __aeabi_cdrcmple
    pid.o(.text) refers to usart3.o(.text) for u3_printf
    pid.o(.text) refers to dleqf.o(x$fpl$dleqf) for __aeabi_cdcmple
    pid.o(.text) refers to route.o(.text) for CheckIntersecNum
    usart3.o(.text) refers to stm32f4xx_usart.o(.text) for USART_GetITStatus
    usart3.o(.text) refers to stm32f4xx_tim.o(.text) for TIM_SetCounter
    usart3.o(.text) refers to stm32f4xx_rcc.o(.text) for RCC_AHB1PeriphClockCmd
    usart3.o(.text) refers to stm32f4xx_gpio.o(.text) for GPIO_Init
    usart3.o(.text) refers to misc.o(.text) for NVIC_Init
    usart3.o(.text) refers to timer.o(.text) for TIM7_Int_Init
    usart3.o(.text) refers to c89vsprintf.o(.text) for __c89vsprintf
    usart3.o(.text) refers to strlen.o(.text) for strlen
    usart3.o(.text) refers to usart3.o(.data) for USART3_RX_STA
    usart3.o(.text) refers to main.o(.data) for reclen
    usart3.o(.text) refers to usart3.o(.bss) for USART3_RX_BUF
    timer.o(.text) refers to stm32f4xx_tim.o(.text) for TIM_GetITStatus
    timer.o(.text) refers to stm32f4xx_usart.o(.text) for USART_GetITStatus
    timer.o(.text) refers to usart3.o(.text) for get_goal
    timer.o(.text) refers to stm32f4xx_rcc.o(.text) for RCC_APB1PeriphClockCmd
    timer.o(.text) refers to misc.o(.text) for NVIC_Init
    timer.o(.text) refers to usart3.o(.data) for usartt3
    timer.o(.text) refers to uart4.o(.data) for usartt4
    hc05.o(.text) refers to _printf_percent.o(.ARM.Collect$$_printf_percent$$00000000) for _printf_percent
    hc05.o(.text) refers to _printf_s.o(.ARM.Collect$$_printf_percent$$00000014) for _printf_s
    hc05.o(.text) refers to _printf_str.o(.text) for _printf_str
    hc05.o(.text) refers to stm32f4xx_rcc.o(.text) for RCC_AHB1PeriphClockCmd
    hc05.o(.text) refers to stm32f4xx_gpio.o(.text) for GPIO_Init
    hc05.o(.text) refers to usart3.o(.text) for usart3_init
    hc05.o(.text) refers to delay.o(.text) for delay_ms
    hc05.o(.text) refers to __2printf.o(.text) for __2printf
    hc05.o(.text) refers to usart3.o(.data) for USART3_RX_STA
    hc05.o(.text) refers to usart3.o(.bss) for USART3_RX_BUF
    rs485.o(.text) refers to stm32f4xx_usart.o(.text) for USART_GetITStatus
    rs485.o(.text) refers to stm32f4xx_rcc.o(.text) for RCC_AHB1PeriphClockCmd
    rs485.o(.text) refers to stm32f4xx_gpio.o(.text) for GPIO_PinAFConfig
    rs485.o(.text) refers to misc.o(.text) for NVIC_Init
    rs485.o(.text) refers to delay.o(.text) for delay_ms
    rs485.o(.text) refers to rs485.o(.data) for RS485_RX_CNT
    rs485.o(.text) refers to rs485.o(.bss) for RS485_RX_BUF
    uart4.o(.text) refers to stm32f4xx_usart.o(.text) for USART_GetITStatus
    uart4.o(.text) refers to stm32f4xx_tim.o(.text) for TIM_SetCounter
    uart4.o(.text) refers to __2printf.o(.text) for __2printf
    uart4.o(.text) refers to stm32f4xx_rcc.o(.text) for RCC_AHB1PeriphClockCmd
    uart4.o(.text) refers to stm32f4xx_gpio.o(.text) for GPIO_Init
    uart4.o(.text) refers to misc.o(.text) for NVIC_Init
    uart4.o(.text) refers to c89vsprintf.o(.text) for __c89vsprintf
    uart4.o(.text) refers to strlen.o(.text) for strlen
    uart4.o(.text) refers to uart4.o(.data) for usartt4
    uart4.o(.text) refers to uart4.o(.bss) for USART4_RX_BUF
[...]
    _printf_l                                0x080002a7   Thumb Code     0  _printf_l.o(.ARM.Collect$$_printf_percent$$00000012)
    _printf_c                                0x080002b1   Thumb Code     0  _printf_c.o(.ARM.Collect$$_printf_percent$$00000013)
    _printf_s                                0x080002b7   Thumb Code     0  _printf_s.o(.ARM.Collect$$_printf_percent$$00000014)
    _printf_lc                               0x080002bd   Thumb Code     0  _printf_lc.o(.ARM.Collect$$_printf_percent$$00000015)
    _printf_ls                               0x080002c3   Thumb Code     0  _printf_ls.o(.ARM.Collect$$_printf_percent$$00000016)
    _printf_percent_end                      0x080002c9   Thumb Code     0  _printf_percent_end.o(.ARM.Collect$$_printf_percent$$00000017)
    __rt_lib_init                            0x080002cd   Thumb Code     0  libinit.o(.ARM.Collect$$libinit$$00000000)
    __rt_lib_init_fp_1                       0x080002cf   Thumb Code     0  libinit2.o(.ARM.Collect$$libinit$$00000001)
    __rt_lib_init_heap_1                     0x080002d3   Thumb Code     0  libinit2.o(.ARM.Collect$$libinit$$0000000A)
    __rt_lib_init_lc_common                  0x080002d3   Thumb Code     0  libinit2.o(.ARM.Collect$$libinit$$0000000F)
    __rt_lib_init_preinit_1                  0x080002d3   Thumb Code     0  libinit2.o(.ARM.Collect$$libinit$$00000004)
    __rt_lib_init_rand_1                     0x080002d3   Thumb Code     0  libinit2.o(.ARM.Collect$$libinit$$0000000E)
    __rt_lib_init_user_alloc_1               0x080002d3   Thumb Code     0  libinit2.o(.ARM.Collect$$libinit$$0000000C)
    __rt_lib_init_lc_collate_1               0x080002d9   Thumb Code     0  libinit2.o(.ARM.Collect$$libinit$$00000011)
    __rt_lib_init_lc_ctype_2                 0x080002d9   Thumb Code     0  libinit2.o(.ARM.Collect$$libinit$$00000012)
    __rt_lib_init_lc_ctype_1                 0x080002e5   Thumb Code     0  libinit2.o(.ARM.Collect$$libinit$$00000013)
    __rt_lib_init_lc_monetary_1              0x080002e5   Thumb Code     0  libinit2.o(.ARM.Collect$$libinit$$00000015)
    __rt_lib_init_lc_numeric_2               0x080002e5   Thumb Code     0  libinit2.o(.ARM.Collect$$libinit$$00000016)
    __rt_lib_init_alloca_1                   0x080002ef   Thumb Code     0  libinit2.o(.ARM.Collect$$libinit$$0000002E)
    __rt_lib_init_argv_1                     0x080002ef   Thumb Code     0  libinit2.o(.ARM.Collect$$libinit$$0000002C)
    __rt_lib_init_atexit_1                   0x080002ef   Thumb Code     0  libinit2.o(.ARM.Collect$$libinit$$0000001B)
    __rt_lib_init_clock_1                    0x080002ef   Thumb Code     0  libinit2.o(.ARM.Collect$$libinit$$00000021)
    __rt_lib_init_cpp_1                      0x080002ef   Thumb Code     0  libinit2.o(.ARM.Collect$$libinit$$00000032)
    __rt_lib_init_exceptions_1               0x080002ef   Thumb Code     0  libinit2.o(.ARM.Collect$$libinit$$00000030)
    __rt_lib_init_fp_trap_1                  0x080002ef   Thumb Code     0  libinit2.o(.ARM.Collect$$libinit$$0000001F)
    __rt_lib_init_getenv_1                   0x080002ef   Thumb Code     0  libinit2.o(.ARM.Collect$$libinit$$00000023)
    __rt_lib_init_lc_numeric_1               0x080002ef   Thumb Code     0  libinit2.o(.ARM.Collect$$libinit$$00000017)
    __rt_lib_init_lc_time_1                  0x080002ef   Thumb Code     0  libinit2.o(.ARM.Collect$$libinit$$00000019)
    __rt_lib_init_return                     0x080002ef   Thumb Code     0  libinit2.o(.ARM.Collect$$libinit$$00000033)
    __rt_lib_init_signal_1                   0x080002ef   Thumb Code     0  libinit2.o(.ARM.Collect$$libinit$$0000001D)
    __rt_lib_init_stdio_1                    0x080002ef   Thumb Code     0  libinit2.o(.ARM.Collect$$libinit$$00000025)
    __rt_lib_shutdown                        0x080002f1   Thumb Code     0  libshutdown.o(.ARM.Collect$$libshutdown$$00000000)
    __rt_lib_shutdown_fp_trap_1              0x080002f3   Thumb Code     0  libshutdown2.o(.ARM.Collect$$libshutdown$$00000006)
    __rt_lib_shutdown_heap_1                 0x080002f3   Thumb Code     0  libshutdown2.o(.ARM.Collect$$libshutdown$$0000000E)
    __rt_lib_shutdown_return                 0x080002f3   Thumb Code     0  libshutdown2.o(.ARM.Collect$$libshutdown$$0000000F)
    __rt_lib_shutdown_signal_1               0x080002f3   Thumb Code     0  libshutdown2.o(.ARM.Collect$$libshutdown$$00000009)
    __rt_lib_shutdown_stdio_1                0x080002f3   Thumb Code     0  libshutdown2.o(.ARM.Collect$$libshutdown$$00000003)
    __rt_lib_shutdown_user_alloc_1           0x080002f3   Thumb Code     0  libshutdown2.o(.ARM.Collect$$libshutdown$$0000000B)
    __rt_entry                               0x080002f5   Thumb Code     0  __rtentry.o(.ARM.Collect$$rtentry$$00000000)
    __rt_entry_presh_1                       0x080002f5   Thumb Code     0  __rtentry2.o(.ARM.Collect$$rtentry$$00000002)
    __rt_entry_sh                            0x080002f5   Thumb Code     0  __rtentry4.o(.ARM.Collect$$rtentry$$00000004)
    __rt_entry_li                            0x080002fb   Thumb Code     0  __rtentry2.o(.ARM.Collect$$rtentry$$0000000A)
    __rt_entry_postsh_1                      0x080002fb   Thumb Code     0  __rtentry2.o(.ARM.Collect$$rtentry$$00000009)
    __rt_entry_main                          0x080002ff   Thumb Code     0  __rtentry2.o(.ARM.Collect$$rtentry$$0000000D)
    __rt_entry_postli_1                      0x080002ff   Thumb Code     0  __rtentry2.o(.ARM.Collect$$rtentry$$0000000C)
    __rt_exit                                0x08000307   Thumb Code     0  rtexit.o(.ARM.Collect$$rtexit$$00000000)
    __rt_exit_ls                             0x08000309   Thumb Code     0  rtexit2.o(.ARM.Collect$$rtexit$$00000003)
    __rt_exit_prels_1                        0x08000309   Thumb Code     0  rtexit2.o(.ARM.Collect$$rtexit$$00000002)
    __rt_exit_exit                           0x0800030d   Thumb Code     0  rtexit2.o(.ARM.Collect$$rtexit$$00000004)
    InitVar                                  0x08000315   Thumb Code    26  main.o(.text)
    begin                                    0x0800032f   Thumb Code    56  main.o(.text)
    pointTopoint                             0x08000367   Thumb Code   184  main.o(.text)
    system_init                              0x0800041f   Thumb Code   122  main.o(.text)
    main                                     0x08000499   Thumb Code    94  main.o(.text)
    NMI_Handler                              0x0800052d   Thumb Code     2  stm32f4xx_it.o(.text)
    HardFault_Handler                        0x0800052f   Thumb Code     4  stm32f4xx_it.o(.text)
    MemManage_Handler                        0x08000533   Thumb Code     4  stm32f4xx_it.o(.text)
    BusFault_Handler                         0x08000537   Thumb Code     4  stm32f4xx_it.o(.text)
    UsageFault_Handler                       0x0800053b   Thumb Code     4  stm32f4xx_it.o(.text)
    SVC_Handler                              0x0800053f   Thumb Code     2  stm32f4xx_it.o(.text)
    DebugMon_Handler                         0x08000541   Thumb Code     2  stm32f4xx_it.o(.text)
    PendSV_Handler                           0x08000543   Thumb Code     2  stm32f4xx_it.o(.text)
    SysTick_Handler                          0x08000545   Thumb Code     2  stm32f4xx_it.o(.text)
    SystemInit                               0x08000625   Thumb Code    88  system_stm32f4xx.o(.text)
    SystemCoreClockUpdate                    0x0800067d   Thumb Code   174  system_stm32f4xx.o(.text)
    updateSpeed                              0x08000759   Thumb Code    30  pid.o(.text)
    kongzhidong                              0x08000777   Thumb Code   236  pid.o(.text)
    slowdown                                 0x08000863   Thumb Code   106  pid.o(.text)
    walk                                     0x080008cd   Thumb Code   298  pid.o(.text)
    GoToTerminus                             0x080009f7   Thumb Code   640  pid.o(.text)
    ifdetect2way                             0x08000c77   Thumb Code   172  pid.o(.text)
    detect_way                               0x08000d23   Thumb Code   896  pid.o(.text)
    closetopoint                             0x080010a3   Thumb Code   140  pid.o(.text)
    ontheroad                                0x0800112f   Thumb Code   122  pid.o(.text)
    chooseroad                               0x080011a9   Thumb Code   130  pid.o(.text)
    get_goal                                 0x08001259   Thumb Code   224  usart3.o(.text)
    USART3_IRQHandler                        0x08001339   Thumb Code   114  usart3.o(.text)
    usart3_init                              0x080013ab   Thumb Code   194  usart3.o(.text)
    u3_printf                                0x0800146d   Thumb Code    72  usart3.o(.text)
    test                                     0x080014dd   Thumb Code     2  timer.o(.text)
    TIM7_IRQHandler                          0x080014df   Thumb Code   114  timer.o(.text)
    TIM7_Int_Init                            0x08001551   Thumb Code    86  timer.o(.text)
    TIM5_Int_Init                            0x080015a7   Thumb Code    60  timer.o(.text)
    Ctr_Tim5                                 0x080015e3   Thumb Code    26  timer.o(.text)
    Init_Nvic                                0x080015fd   Thumb Code    40  timer.o(.text)
    USART2_IRQHandler                        0x08001641   Thumb Code    50  rs485.o(.text)
    RS485_Init                               0x08001673   Thumb Code   172  rs485.o(.text)
    RS485_Send_Data                          0x0800171f   Thumb Code    62  rs485.o(.text)
    RS485_Receive_Data                       0x0800175d   Thumb Code    68  rs485.o(.text)
    HMISendstart                             0x080017a1   Thumb Code    52  rs485.o(.text)
    Send_0xff                                0x080017d5   Thumb Code    46  rs485.o(.text)
    UART2_Send_Str                           0x08001803   Thumb Code    42  rs485.o(.text)
    HMIcmd                                   0x0800182d   Thumb Code    72  rs485.o(.text)
    USART2_Send_Byte                         0x08001875   Thumb Code    28  rs485.o(.text)
    UART4_IRQHandler                         0x080018d5   Thumb Code   212  uart4.o(.text)
    usart4_init                              0x080019a9   Thumb Code   176  uart4.o(.text)
    u4_printf                                0x08001a59   Thumb Code    72  uart4.o(.text)
    TIM13_PWM_Init                           0x08001bb9   Thumb Code   152  pwm.o(.text)
    TIM4_PWM_Init                            0x08001c51   Thumb Code   150  pwm.o(.text)
    LED2_Init                                0x08001ce7   Thumb Code   108  pwm.o(.text)
    CheckIntersecNum                         0x08001d65   Thumb Code    38  route.o(.text)
    CheckDirection                           0x08001d8b   Thumb Code    62  route.o(.text)
    checkconnect                             0x08001dc9   Thumb Code    68  route.o(.text)
    routenuminit                             0x08001e0d   Thumb Code    52  route.o(.text)
    _sys_exit6                               0x08001e55   Thumb Code     6  usart6.o(.text)
    fputc6                                   0x08001e5b   Thumb Code    24  usart6.o(.text)
    usart6_init                              0x08001e73   Thumb Code   160  usart6.o(.text)
    chaoshengboqidong                        0x08001f13   Thumb Code    12  usart6.o(.text)
    chaoshengboceju                          0x08001f1f   Thumb Code    78  usart6.o(.text)
    USART6_IRQHandler                        0x08001f6d   Thumb Code   120  usart6.o(.text)
    TIM5_IRQHandler                          0x08001fe5   Thumb Code    26  usart6.o(.text)
    CameraDateAnalyze                        0x0800201d   Thumb Code  1356  usart.o(.text)
    _sys_exit                                0x08002569   Thumb Code     6  usart.o(.text)
    fputc                                    0x0800256f   Thumb Code    22  usart.o(.text)
    uart_init                                0x08002585   Thumb Code   164  usart.o(.text)
    USART1_IRQHandler                        0x08002629   Thumb Code   162  usart.o(.text)
    delay_init                               0x08002705   Thumb Code    52  delay.o(.text)
    delay_us                                 0x08002739   Thumb Code    72  delay.o(.text)
    delay_xms                                0x08002781   Thumb Code    72  delay.o(.text)
    delay_ms                                 0x080027c9   Thumb Code    56  delay.o(.text)
    Reset_Handler                            0x08002809   Thumb Code     8  startup_stm32f40_41xxx.o(.text)
    ADC_IRQHandler                           0x08002823   Thumb Code     0  startup_stm32f40_41xxx.o(.text)
    CAN1_RX0_IRQHandler                      0x08002823   Thumb Code     0  startup_stm32f40_41xxx.o(.text)
    CAN1_RX1_IRQHandler                      0x08002823   Thumb Code     0  startup_stm32f40_41xxx.o(.text)
    CAN1_SCE_IRQHandler                      0x08002823   Thumb Code     0  startup_stm32f40_41xxx.o(.text)
    CAN1_TX_IRQHandler                       0x08002823   Thumb Code     0  startup_stm32f40_41xxx.o(.text)
    CAN2_RX0_IRQHandler                      0x08002823   Thumb Code     0  startup_stm32f40_41xxx.o(.text)
    CAN2_RX1_IRQHandler                      0x08002823   Thumb Code     0  startup_stm32f40_41xxx.o(.text)
    CAN2_SCE_IRQHandler                      0x08002823   Thumb Code     0  startup_stm32f40_41xxx.o(.text)
    CAN2_TX_IRQHandler                       0x08002823   Thumb Code     0  startup_stm32f40_41xxx.o(.text)
    CRYP_IRQHandler                          0x08002823   Thumb Code     0  startup_stm32f40_41xxx.o(.text)
    DCMI_IRQHandler                          0x08002823   Thumb Code     0  startup_stm32f40_41xxx.o(.text)
    DMA1_Stream0_IRQHandler                  0x08002823   Thumb Code     0  startup_stm32f40_41xxx.o(.text)
    DMA1_Stream1_IRQHandler                  0x08002823   Thumb Code     0  startup_stm32f40_41xxx.o(.text)
    DMA1_Stream2_IRQHandler                  0x08002823   Thumb Code     0  startup_stm32f40_41xxx.o(.text)
    DMA1_Stream3_IRQHandler                  0x08002823   Thumb Code     0  startup_stm32f40_41xxx.o(.text)
    DMA1_Stream4_IRQHandler                  0x08002823   Thumb Code     0  startup_stm32f40_41xxx.o(.text)
    DMA1_Stream5_IRQHandler                  0x08002823   Thumb Code     0  startup_stm32f40_41xxx.o(.text)
    DMA1_Stream6_IRQHandler                  0x08002823   Thumb Code     0  startup_stm32f40_41xxx.o(.text)
    DMA1_Stream7_IRQHandler                  0x08002823   Thumb Code     0  startup_stm32f40_41xxx.o(.text)
    DMA2_Stream0_IRQHandler                  0x08002823   Thumb Code     0  startup_stm32f40_41xxx.o(.text)
    DMA2_Stream1_IRQHandler                  0x08002823   Thumb Code     0  startup_stm32f40_41xxx.o(.text)
    DMA2_Stream2_IRQHandler                  0x08002823   Thumb Code     0  startup_stm32f40_41xxx.o(.text)
    DMA2_Stream3_IRQHandler                  0x08002823   Thumb Code     0  startup_stm32f40_41xxx.o(.text)
    DMA2_Stream4_IRQHandler                  0x08002823   Thumb Code     0  startup_stm32f40_41xxx.o(.text)
    DMA2_Stream5_IRQHandler                  0x08002823   Thumb Code     0  startup_stm32f40_41xxx.o(.text)
    DMA2_Stream6_IRQHandler                  0x08002823   Thumb Code     0  startup_stm32f40_41xxx.o(.text)
    DMA2_Stream7_IRQHandler                  0x08002823   Thumb Code     0  startup_stm32f40_41xxx.o(.text)
    ETH_IRQHandler                           0x08002823   Thumb Code     0  startup_stm32f40_41xxx.o(.text)
    ETH_WKUP_IRQHandler                      0x08002823   Thumb Code     0  startup_stm32f40_41xxx.o(.text)
    EXTI0_IRQHandler                         0x08002823   Thumb Code     0  startup_stm32f40_41xxx.o(.text)
    EXTI15_10_IRQHandler                     0x08002823   Thumb Code     0  startup_stm32f40_41xxx.o(.text)
    EXTI1_IRQHandler                         0x08002823   Thumb Code     0  startup_stm32f40_41xxx.o(.text)
    EXTI2_IRQHandler                         0x08002823   Thumb Code     0  startup_stm32f40_41xxx.o(.text)
    EXTI3_IRQHandler                         0x08002823   Thumb Code     0  startup_stm32f40_41xxx.o(.text)
    EXTI4_IRQHandler                         0x08002823   Thumb Code     0  startup_stm32f40_41xxx.o(.text)
    EXTI9_5_IRQHandler                       0x08002823   Thumb Code     0  startup_stm32f40_41xxx.o(.text)
    FLASH_IRQHandler                         0x08002823   Thumb Code     0  startup_stm32f40_41xxx.o(.text)
    FPU_IRQHandler                           0x08002823   Thumb Code     0  startup_stm32f40_41xxx.o(.text)
    FSMC_IRQHandler                          0x08002823   Thumb Code     0  startup_stm32f40_41xxx.o(.text)
    HASH_RNG_IRQHandler                      0x08002823   Thumb Code     0  startup_stm32f40_41xxx.o(.text)
    I2C1_ER_IRQHandler                       0x08002823   Thumb Code     0  startup_stm32f40_41xxx.o(.text)
    I2C1_EV_IRQHandler                       0x08002823   Thumb Code     0  startup_stm32f40_41xxx.o(.text)
    I2C2_ER_IRQHandler                       0x08002823   Thumb Code     0  startup_stm32f40_41xxx.o(.text)
    I2C2_EV_IRQHandler                       0x08002823   Thumb Code     0  startup_stm32f40_41xxx.o(.text)
    I2C3_ER_IRQHandler                       0x08002823   Thumb Code     0  startup_stm32f40_41xxx.o(.text)
    I2C3_EV_IRQHandler                       0x08002823   Thumb Code     0  startup_stm32f40_41xxx.o(.text)
    OTG_FS_IRQHandler                        0x08002823   Thumb Code     0  startup_stm32f40_41xxx.o(.text)
    OTG_FS_WKUP_IRQHandler                   0x08002823   Thumb Code     0  startup_stm32f40_41xxx.o(.text)
    OTG_HS_EP1_IN_IRQHandler                 0x08002823   Thumb Code     0  startup_stm32f40_41xxx.o(.text)
    OTG_HS_EP1_OUT_IRQHandler                0x08002823   Thumb Code     0  startup_stm32f40_41xxx.o(.text)
    OTG_HS_IRQHandler                        0x08002823   Thumb Code     0  startup_stm32f40_41xxx.o(.text)
    OTG_HS_WKUP_IRQHandler                   0x08002823   Thumb Code     0  startup_stm32f40_41xxx.o(.text)
    PVD_IRQHandler                           0x08002823   Thumb Code     0  startup_stm32f40_41xxx.o(.text)
    RCC_IRQHandler                           0x08002823   Thumb Code     0  startup_stm32f40_41xxx.o(.text)
    RTC_Alarm_IRQHandler                     0x08002823   Thumb Code     0  startup_stm32f40_41xxx.o(.text)
    RTC_WKUP_IRQHandler                      0x08002823   Thumb Code     0  startup_stm32f40_41xxx.o(.text)
    SDIO_IRQHandler                          0x08002823   Thumb Code     0  startup_stm32f40_41xxx.o(.text)
    SPI1_IRQHandler                          0x08002823   Thumb Code     0  startup_stm32f40_41xxx.o(.text)
    SPI2_IRQHandler                          0x08002823   Thumb Code     0  startup_stm32f40_41xxx.o(.text)
    SPI3_IRQHandler                          0x08002823   Thumb Code     0  startup_stm32f40_41xxx.o(.text)
    TAMP_STAMP_IRQHandler                    0x08002823   Thumb Code     0  startup_stm32f40_41xxx.o(.text)
    TIM1_BRK_TIM9_IRQHandler                 0x08002823   Thumb Code     0  startup_stm32f40_41xxx.o(.text)
    TIM1_CC_IRQHandler                       0x08002823   Thumb Code     0  startup_stm32f40_41xxx.o(.text)
    TIM1_TRG_COM_TIM11_IRQHandler            0x08002823   Thumb Code     0  startup_stm32f40_41xxx.o(.text)
    TIM1_UP_TIM10_IRQHandler                 0x08002823   Thumb Code     0  startup_stm32f40_41xxx.o(.text)
    TIM2_IRQHandler                          0x08002823   Thumb Code     0  startup_stm32f40_41xxx.o(.text)
    TIM3_IRQHandler                          0x08002823   Thumb Code     0  startup_stm32f40_41xxx.o(.text)
    TIM4_IRQHandler                          0x08002823   Thumb Code     0  startup_stm32f40_41xxx.o(.text)
    TIM6_DAC_IRQHandler                      0x08002823   Thumb Code     0  startup_stm32f40_41xxx.o(.text)
    TIM8_BRK_TIM12_IRQHandler                0x08002823   Thumb Code     0  startup_stm32f40_41xxx.o(.text)
    TIM8_CC_IRQHandler                       0x08002823   Thumb Code     0  startup_stm32f40_41xxx.o(.text)
    TIM8_TRG_COM_TIM14_IRQHandler            0x08002823   Thumb Code     0  startup_stm32f40_41xxx.o(.text)
    TIM8_UP_TIM13_IRQHandler                 0x08002823   Thumb Code     0  startup_stm32f40_41xxx.o(.text)
    UART5_IRQHandler                         0x08002823   Thumb Code     0  startup_stm32f40_41xxx.o(.text)
    WWDG_IRQHandler                          0x08002823   Thumb Code     0  startup_stm32f40_41xxx.o(.text)
    __user_initial_stackheap                 0x08002825   Thumb Code     0  startup_stm32f40_41xxx.o(.text)
    NVIC_PriorityGroupConfig                 0x08002849   Thumb Code    10  misc.o(.text)
    NVIC_Init                                0x08002853   Thumb Code   106  misc.o(.text)
    NVIC_SetVectorTable                      0x080028bd   Thumb Code    14  misc.o(.text)
    NVIC_SystemLPConfig                      0x080028cb   Thumb Code    34  misc.o(.text)
    SysTick_CLKSourceConfig                  0x080028ed   Thumb Code    40  misc.o(.text)
    GPIO_DeInit                              0x08002929   Thumb Code   268  stm32f4xx_gpio.o(.text)
    GPIO_Init                                0x08002a35   Thumb Code   144  stm32f4xx_gpio.o(.text)
    GPIO_StructInit                          0x08002ac5   Thumb Code    18  stm32f4xx_gpio.o(.text)
    GPIO_PinLockConfig                       0x08002ad7   Thumb Code    34  stm32f4xx_gpio.o(.text)
    GPIO_ReadInputDataBit                    0x08002af9   Thumb Code    18  stm32f4xx_gpio.o(.text)
    GPIO_ReadInputData                       0x08002b0b   Thumb Code     8  stm32f4xx_gpio.o(.text)
    GPIO_ReadOutputDataBit                   0x08002b13   Thumb Code    18  stm32f4xx_gpio.o(.text)
    GPIO_ReadOutputData                      0x08002b25   Thumb Code     8  stm32f4xx_gpio.o(.text)
    GPIO_SetBits                             0x08002b2d   Thumb Code     4  stm32f4xx_gpio.o(.text)
    GPIO_ResetBits                           0x08002b31   Thumb Code     4  stm32f4xx_gpio.o(.text)
    GPIO_WriteBit                            0x08002b35   Thumb Code    10  stm32f4xx_gpio.o(.text)
    GPIO_Write                               0x08002b3f   Thumb Code     4  stm32f4xx_gpio.o(.text)
    GPIO_ToggleBits                          0x08002b43   Thumb Code     8  stm32f4xx_gpio.o(.text)
    GPIO_PinAFConfig                         0x08002b4b   Thumb Code    70  stm32f4xx_gpio.o(.text)
    USART_DeInit                             0x08002bbd   Thumb Code   206  stm32f4xx_usart.o(.text)
    USART_Init                               0x08002c8b   Thumb Code   204  stm32f4xx_usart.o(.text)
    USART_StructInit                         0x08002d57   Thumb Code    24  stm32f4xx_usart.o(.text)
    USART_ClockInit                          0x08002d6f   Thumb Code    32  stm32f4xx_usart.o(.text)
    USART_ClockStructInit                    0x08002d8f   Thumb Code    12  stm32f4xx_usart.o(.text)
    USART_Cmd                                0x08002d9b   Thumb Code    24  stm32f4xx_usart.o(.text)
    USART_SetPrescaler                       0x08002db3   Thumb Code    16  stm32f4xx_usart.o(.text)
    USART_OverSampling8Cmd                   0x08002dc3   Thumb Code    22  stm32f4xx_usart.o(.text)
    USART_OneBitMethodCmd                    0x08002dd9   Thumb Code    24  stm32f4xx_usart.o(.text)
    USART_SendData                           0x08002df1   Thumb Code     8  stm32f4xx_usart.o(.text)
    USART_ReceiveData                        0x08002df9   Thumb Code    10  stm32f4xx_usart.o(.text)
    USART_SetAddress                         0x08002e03   Thumb Code    18  stm32f4xx_usart.o(.text)
    USART_ReceiverWakeUpCmd                  0x08002e15   Thumb Code    24  stm32f4xx_usart.o(.text)
    USART_WakeUpConfig                       0x08002e2d   Thumb Code    18  stm32f4xx_usart.o(.text)
    USART_LINBreakDetectLengthConfig         0x08002e3f   Thumb Code    18  stm32f4xx_usart.o(.text)
    USART_LINCmd                             0x08002e51   Thumb Code    24  stm32f4xx_usart.o(.text)
    USART_SendBreak                          0x08002e69   Thumb Code    10  stm32f4xx_usart.o(.text)
    USART_HalfDuplexCmd                      0x08002e73   Thumb Code    24  stm32f4xx_usart.o(.text)
    USART_SetGuardTime                       0x08002e8b   Thumb Code    16  stm32f4xx_usart.o(.text)
    USART_SmartCardCmd                       0x08002e9b   Thumb Code    24  stm32f4xx_usart.o(.text)
    USART_SmartCardNACKCmd                   0x08002eb3   Thumb Code    24  stm32f4xx_usart.o(.text)
    USART_IrDAConfig                         0x08002ecb   Thumb Code    18  stm32f4xx_usart.o(.text)
    USART_IrDACmd                            0x08002edd   Thumb Code    24  stm32f4xx_usart.o(.text)
    USART_DMACmd                             0x08002ef5   Thumb Code    18  stm32f4xx_usart.o(.text)
    USART_ITConfig                           0x08002f07   Thumb Code    74  stm32f4xx_usart.o(.text)
    USART_GetFlagStatus                      0x08002f51   Thumb Code    26  stm32f4xx_usart.o(.text)
    USART_ClearFlag                          0x08002f6b   Thumb Code    18  stm32f4xx_usart.o(.text)
    USART_GetITStatus                        0x08002f7d   Thumb Code   118  stm32f4xx_usart.o(.text)
    USART_ClearITPendingBit                  0x08002ff3   Thumb Code    30  stm32f4xx_usart.o(.text)
    TIM_DeInit                               0x08003011   Thumb Code   346  stm32f4xx_tim.o(.text)
    TIM_TimeBaseInit                         0x0800316b   Thumb Code   104  stm32f4xx_tim.o(.text)
    TIM_TimeBaseStructInit                   0x080031d3   Thumb Code    18  stm32f4xx_tim.o(.text)
    TIM_PrescalerConfig                      0x080031e5   Thumb Code     6  stm32f4xx_tim.o(.text)
    TIM_CounterModeConfig                    0x080031eb   Thumb Code    18  stm32f4xx_tim.o(.text)
    TIM_SetCounter                           0x080031fd   Thumb Code     4  stm32f4xx_tim.o(.text)
    TIM_SetAutoreload                        0x08003201   Thumb Code     4  stm32f4xx_tim.o(.text)
    TIM_GetCounter                           0x08003205   Thumb Code     6  stm32f4xx_tim.o(.text)
    TIM_GetPrescaler                         0x0800320b   Thumb Code     6  stm32f4xx_tim.o(.text)
    TIM_UpdateDisableConfig                  0x08003211   Thumb Code    24  stm32f4xx_tim.o(.text)
    TIM_UpdateRequestConfig                  0x08003229   Thumb Code    24  stm32f4xx_tim.o(.text)
    TIM_ARRPreloadConfig                     0x08003241   Thumb Code    24  stm32f4xx_tim.o(.text)
    TIM_SelectOnePulseMode                   0x08003259   Thumb Code    18  stm32f4xx_tim.o(.text)
    TIM_SetClockDivision                     0x0800326b   Thumb Code    18  stm32f4xx_tim.o(.text)
    TIM_Cmd                                  0x0800327d   Thumb Code    24  stm32f4xx_tim.o(.text)
    TIM_OC1Init                              0x08003295   Thumb Code   114  stm32f4xx_tim.o(.text)
    TIM_OC2Init                              0x08003307   Thumb Code   154  stm32f4xx_tim.o(.text)
    TIM_OC3Init                              0x080033a1   Thumb Code   204  stm32f4xx_tim.o(.text)
    TIM_OC4Init                              0x0800346d   Thumb Code   112  stm32f4xx_tim.o(.text)
    TIM_OCStructInit                         0x080034dd   Thumb Code    20  stm32f4xx_tim.o(.text)
    TIM_SelectOCxM                           0x080034f1   Thumb Code    86  stm32f4xx_tim.o(.text)
    TIM_SetCompare1                          0x08003547   Thumb Code     4  stm32f4xx_tim.o(.text)
    TIM_SetCompare2                          0x0800354b   Thumb Code     4  stm32f4xx_tim.o(.text)
    TIM_SetCompare3                          0x0800354f   Thumb Code     4  stm32f4xx_tim.o(.text)
    TIM_SetCompare4                          0x08003553   Thumb Code     4  stm32f4xx_tim.o(.text)
    TIM_ForcedOC1Config                      0x08003557   Thumb Code    18  stm32f4xx_tim.o(.text)
    TIM_ForcedOC2Config                      0x08003569   Thumb Code    26  stm32f4xx_tim.o(.text)
    TIM_ForcedOC3Config                      0x08003583   Thumb Code    18  stm32f4xx_tim.o(.text)
    TIM_ForcedOC4Config                      0x08003595   Thumb Code    26  stm32f4xx_tim.o(.text)
    TIM_OC1PreloadConfig                     0x080035af   Thumb Code    18  stm32f4xx_tim.o(.text)
    TIM_OC2PreloadConfig                     0x080035c1   Thumb Code    26  stm32f4xx_tim.o(.text)
    TIM_OC3PreloadConfig                     0x080035db   Thumb Code    18  stm32f4xx_tim.o(.text)
    TIM_OC4PreloadConfig                     0x080035ed   Thumb Code    26  stm32f4xx_tim.o(.text)
    TIM_OC1FastConfig                        0x08003607   Thumb Code    18  stm32f4xx_tim.o(.text)
    TIM_OC2FastConfig                        0x08003619   Thumb Code    26  stm32f4xx_tim.o(.text)
    TIM_OC3FastConfig                        0x08003633   Thumb Code    18  stm32f4xx_tim.o(.text)
    TIM_OC4FastConfig                        0x08003645   Thumb Code    26  stm32f4xx_tim.o(.text)
    TIM_ClearOC1Ref                          0x0800365f   Thumb Code    18  stm32f4xx_tim.o(.text)
    TIM_ClearOC2Ref                          0x08003671   Thumb Code    24  stm32f4xx_tim.o(.text)
    TIM_ClearOC3Ref                          0x08003689   Thumb Code    18  stm32f4xx_tim.o(.text)
    TIM_ClearOC4Ref                          0x0800369b   Thumb Code    24  stm32f4xx_tim.o(.text)
    TIM_OC1PolarityConfig                    0x080036b3   Thumb Code    18  stm32f4xx_tim.o(.text)
    TIM_OC1NPolarityConfig                   0x080036c5   Thumb Code    18  stm32f4xx_tim.o(.text)
    TIM_OC2PolarityConfig                    0x080036d7   Thumb Code    26  stm32f4xx_tim.o(.text)
    TIM_OC2NPolarityConfig                   0x080036f1   Thumb Code    26  stm32f4xx_tim.o(.text)
    TIM_OC3PolarityConfig                    0x0800370b   Thumb Code    26  stm32f4xx_tim.o(.text)
    TIM_OC3NPolarityConfig                   0x08003725   Thumb Code    26  stm32f4xx_tim.o(.text)
    TIM_OC4PolarityConfig                    0x0800373f   Thumb Code    26  stm32f4xx_tim.o(.text)
    TIM_CCxCmd                               0x08003759   Thumb Code    30  stm32f4xx_tim.o(.text)
    TIM_CCxNCmd                              0x08003777   Thumb Code    30  stm32f4xx_tim.o(.text)
    TIM_SetIC4Prescaler                      0x08003795   Thumb Code    26  stm32f4xx_tim.o(.text)
    TIM_SetIC3Prescaler                      0x080037ff   Thumb Code    18  stm32f4xx_tim.o(.text)
    TIM_SetIC2Prescaler                      0x08003859   Thumb Code    26  stm32f4xx_tim.o(.text)
    TIM_SetIC1Prescaler                      0x080038cd   Thumb Code    18  stm32f4xx_tim.o(.text)
    TIM_ICInit                               0x08003919   Thumb Code   110  stm32f4xx_tim.o(.text)
    TIM_ICStructInit                         0x08003987   Thumb Code    18  stm32f4xx_tim.o(.text)
    TIM_PWMIConfig                           0x08003999   Thumb Code   124  stm32f4xx_tim.o(.text)
    TIM_GetCapture1                          0x08003a15   Thumb Code     6  stm32f4xx_tim.o(.text)
    TIM_GetCapture2                          0x08003a1b   Thumb Code     6  stm32f4xx_tim.o(.text)
    TIM_GetCapture3                          0x08003a21   Thumb Code     6  stm32f4xx_tim.o(.text)
    TIM_GetCapture4                          0x08003a27   Thumb Code     6  stm32f4xx_tim.o(.text)
    TIM_BDTRConfig                           0x08003a2d   Thumb Code    32  stm32f4xx_tim.o(.text)
    TIM_BDTRStructInit                       0x08003a4d   Thumb Code    18  stm32f4xx_tim.o(.text)
    TIM_CtrlPWMOutputs                       0x08003a5f   Thumb Code    30  stm32f4xx_tim.o(.text)
    TIM_SelectCOM                            0x08003a7d   Thumb Code    24  stm32f4xx_tim.o(.text)
    TIM_CCPreloadControl                     0x08003a95   Thumb Code    24  stm32f4xx_tim.o(.text)
    TIM_ITConfig                             0x08003aad   Thumb Code    18  stm32f4xx_tim.o(.text)
    TIM_GenerateEvent                        0x08003abf   Thumb Code     4  stm32f4xx_tim.o(.text)
    TIM_GetFlagStatus                        0x08003ac3   Thumb Code    18  stm32f4xx_tim.o(.text)
    TIM_ClearFlag                            0x08003ad5   Thumb Code     6  stm32f4xx_tim.o(.text)
    TIM_GetITStatus                          0x08003adb   Thumb Code    34  stm32f4xx_tim.o(.text)
    TIM_ClearITPendingBit                    0x08003afd   Thumb Code     6  stm32f4xx_tim.o(.text)
    TIM_DMAConfig                            0x08003b03   Thumb Code    10  stm32f4xx_tim.o(.text)
    TIM_DMACmd                               0x08003b0d   Thumb Code    18  stm32f4xx_tim.o(.text)
    TIM_SelectCCDMA                          0x08003b1f   Thumb Code    24  stm32f4xx_tim.o(.text)
    TIM_InternalClockConfig                  0x08003b37   Thumb Code    12  stm32f4xx_tim.o(.text)
    TIM_SelectInputTrigger                   0x08003b43   Thumb Code    18  stm32f4xx_tim.o(.text)
    TIM_ITRxExternalClockConfig              0x08003b55   Thumb Code    24  stm32f4xx_tim.o(.text)
    TIM_TIxExternalClockConfig               0x08003b6d   Thumb Code    62  stm32f4xx_tim.o(.text)
    TIM_ETRConfig                            0x08003bab   Thumb Code    28  stm32f4xx_tim.o(.text)
    TIM_ETRClockMode1Config                  0x08003bc7   Thumb Code    54  stm32f4xx_tim.o(.text)
    TIM_ETRClockMode2Config                  0x08003bfd   Thumb Code    32  stm32f4xx_tim.o(.text)
    TIM_SelectOutputTrigger                  0x08003c1d   Thumb Code    18  stm32f4xx_tim.o(.text)
    TIM_SelectSlaveMode                      0x08003c2f   Thumb Code    18  stm32f4xx_tim.o(.text)
    TIM_SelectMasterSlaveMode                0x08003c41   Thumb Code    18  stm32f4xx_tim.o(.text)
    TIM_EncoderInterfaceConfig               0x08003c53   Thumb Code    66  stm32f4xx_tim.o(.text)
    TIM_SelectHallSensor                     0x08003c95   Thumb Code    24  stm32f4xx_tim.o(.text)
    TIM_RemapConfig                          0x08003cad   Thumb Code     6  stm32f4xx_tim.o(.text)
    RCC_DeInit                               0x08003cb5   Thumb Code    82  stm32f4xx_rcc.o(.text)
    RCC_HSEConfig                            0x08003d07   Thumb Code    14  stm32f4xx_rcc.o(.text)
    RCC_GetFlagStatus                        0x08003d15   Thumb Code    60  stm32f4xx_rcc.o(.text)
    RCC_WaitForHSEStartUp                    0x08003d51   Thumb Code    56  stm32f4xx_rcc.o(.text)
    RCC_AdjustHSICalibrationValue            0x08003d89   Thumb Code    20  stm32f4xx_rcc.o(.text)
    RCC_HSICmd                               0x08003d9d   Thumb Code     6  stm32f4xx_rcc.o(.text)
    RCC_LSEConfig                            0x08003da3   Thumb Code    46  stm32f4xx_rcc.o(.text)
    RCC_LSICmd                               0x08003dd1   Thumb Code     6  stm32f4xx_rcc.o(.text)
    RCC_PLLConfig                            0x08003dd7   Thumb Code    32  stm32f4xx_rcc.o(.text)
    RCC_PLLCmd                               0x08003df7   Thumb Code     6  stm32f4xx_rcc.o(.text)
    RCC_PLLI2SConfig                         0x08003dfd   Thumb Code    14  stm32f4xx_rcc.o(.text)
    RCC_PLLI2SCmd                            0x08003e0b   Thumb Code     6  stm32f4xx_rcc.o(.text)
    RCC_PLLSAIConfig                         0x08003e11   Thumb Code    20  stm32f4xx_rcc.o(.text)
    RCC_PLLSAICmd                            0x08003e25   Thumb Code     6  stm32f4xx_rcc.o(.text)
    RCC_ClockSecuritySystemCmd               0x08003e2b   Thumb Code     6  stm32f4xx_rcc.o(.text)
    RCC_MCO1Config                           0x08003e31   Thumb Code    28  stm32f4xx_rcc.o(.text)
    RCC_MCO2Config                           0x08003e4d   Thumb Code    28  stm32f4xx_rcc.o(.text)
    RCC_SYSCLKConfig                         0x08003e69   Thumb Code    20  stm32f4xx_rcc.o(.text)
    RCC_GetSYSCLKSource                      0x08003e7d   Thumb Code    12  stm32f4xx_rcc.o(.text)
    RCC_HCLKConfig                           0x08003e89   Thumb Code    20  stm32f4xx_rcc.o(.text)
    RCC_PCLK1Config                          0x08003e9d   Thumb Code    20  stm32f4xx_rcc.o(.text)
    RCC_PCLK2Config                          0x08003eb1   Thumb Code    22  stm32f4xx_rcc.o(.text)
    RCC_GetClocksFreq                        0x08003ec7   Thumb Code   222  stm32f4xx_rcc.o(.text)
    RCC_RTCCLKConfig                         0x08003fa5   Thumb Code    54  stm32f4xx_rcc.o(.text)
    RCC_RTCCLKCmd                            0x08003fdb   Thumb Code     8  stm32f4xx_rcc.o(.text)
    RCC_BackupResetCmd                       0x08003fe3   Thumb Code     8  stm32f4xx_rcc.o(.text)
    RCC_I2SCLKConfig                         0x08003feb   Thumb Code     6  stm32f4xx_rcc.o(.text)
    RCC_SAIPLLI2SClkDivConfig                0x08003ff1   Thumb Code    26  stm32f4xx_rcc.o(.text)
    RCC_SAIPLLSAIClkDivConfig                0x0800400b   Thumb Code    28  stm32f4xx_rcc.o(.text)
    RCC_SAIBlockACLKConfig                   0x08004027   Thumb Code    20  stm32f4xx_rcc.o(.text)
    RCC_SAIBlockBCLKConfig                   0x0800403b   Thumb Code    20  stm32f4xx_rcc.o(.text)
    RCC_LTDCCLKDivConfig                     0x0800404f   Thumb Code    20  stm32f4xx_rcc.o(.text)
    RCC_TIMCLKPresConfig                     0x08004063   Thumb Code     6  stm32f4xx_rcc.o(.text)
    RCC_AHB1PeriphClockCmd                   0x08004069   Thumb Code    34  stm32f4xx_rcc.o(.text)
    RCC_AHB2PeriphClockCmd                   0x0800408b   Thumb Code    78  stm32f4xx_rcc.o(.text)
    RCC_AHB3PeriphClockCmd                   0x080040d9   Thumb Code    34  stm32f4xx_rcc.o(.text)
    RCC_APB1PeriphClockCmd                   0x080040fb   Thumb Code    34  stm32f4xx_rcc.o(.text)
    RCC_APB2PeriphClockCmd                   0x0800411d   Thumb Code    34  stm32f4xx_rcc.o(.text)
    RCC_AHB1PeriphResetCmd                   0x0800413f   Thumb Code    34  stm32f4xx_rcc.o(.text)
    RCC_AHB2PeriphResetCmd                   0x08004161   Thumb Code    34  stm32f4xx_rcc.o(.text)
    RCC_AHB3PeriphResetCmd                   0x08004183   Thumb Code    34  stm32f4xx_rcc.o(.text)
    RCC_APB1PeriphResetCmd                   0x080041a5   Thumb Code    34  stm32f4xx_rcc.o(.text)
    RCC_APB2PeriphResetCmd                   0x080041c7   Thumb Code    34  stm32f4xx_rcc.o(.text)
    RCC_AHB1PeriphClockLPModeCmd             0x080041e9   Thumb Code    34  stm32f4xx_rcc.o(.text)
    RCC_AHB2PeriphClockLPModeCmd             0x0800420b   Thumb Code    34  stm32f4xx_rcc.o(.text)
    RCC_AHB3PeriphClockLPModeCmd             0x0800422d   Thumb Code    34  stm32f4xx_rcc.o(.text)
    RCC_APB1PeriphClockLPModeCmd             0x0800424f   Thumb Code    34  stm32f4xx_rcc.o(.text)
    RCC_APB2PeriphClockLPModeCmd             0x08004271   Thumb Code    34  stm32f4xx_rcc.o(.text)
    RCC_LSEModeConfig                        0x08004293   Thumb Code    40  stm32f4xx_rcc.o(.text)
    RCC_ITConfig                             0x080042bb   Thumb Code    34  stm32f4xx_rcc.o(.text)
    RCC_ClearFlag                            0x080042dd   Thumb Code    18  stm32f4xx_rcc.o(.text)
    RCC_GetITStatus                          0x080042ef   Thumb Code    22  stm32f4xx_rcc.o(.text)
    RCC_ClearITPendingBit                    0x08004305   Thumb Code     8  stm32f4xx_rcc.o(.text)
    __use_no_semihosting                     0x08004311   Thumb Code     2  use_no_semi_2.o(.text)
    __c89vsprintf                            0x08004315   Thumb Code    32  c89vsprintf.o(.text)
    __2printf                                0x08004339   Thumb Code    20  __2printf.o(.text)
    _printf_str                              0x08004351   Thumb Code    82  _printf_str.o(.text)
    __printf                                 0x080043a5   Thumb Code   388  __printf_flags_ss_wp.o(.text)
    strlen                                   0x0800452d   Thumb Code    62  strlen.o(.text)
    __use_two_region_memory                  0x0800456b   Thumb Code     2  heapauxi.o(.text)
    __rt_heap_escrow$2region                 0x0800456d   Thumb Code     2  heapauxi.o(.text)
    __rt_heap_expand$2region                 0x0800456f   Thumb Code     2  heapauxi.o(.text)
    __I$use$semihosting                      0x08004571   Thumb Code     0  use_no_semi.o(.text)
    __use_no_semihosting_swi                 0x08004571   Thumb Code     2  use_no_semi.o(.text)
    __read_errno                             0x08004573   Thumb Code    10  _rserrno.o(.text)
    __set_errno                              0x0800457d   Thumb Code    12  _rserrno.o(.text)
    _printf_pre_padding                      0x08004589   Thumb Code    44  _printf_pad.o(.text)
    _printf_post_padding                     0x080045b5   Thumb Code    34  _printf_pad.o(.text)
    _printf_truncate_signed                  0x080045d7   Thumb Code    18  _printf_truncate.o(.text)
    _printf_truncate_unsigned                0x080045e9   Thumb Code    18  _printf_truncate.o(.text)
    _printf_int_dec                          0x080045fd   Thumb Code   104  _printf_dec.o(.text)
    _printf_charcount                        0x08004675   Thumb Code    40  _printf_charcount.o(.text)
    _printf_char_common                      0x080046a7   Thumb Code    32  _printf_char_common.o(.text)
    _sputc                                   0x080046cd   Thumb Code    10  _sputc.o(.text)
    _printf_cs_common                        0x080046d7   Thumb Code    20  _printf_char.o(.text)
    _printf_char                             0x080046eb   Thumb Code    16  _printf_char.o(.text)
    _printf_string                           0x080046fb   Thumb Code     8  _printf_char.o(.text)
    _printf_char_file                        0x08004705   Thumb Code    32  _printf_char_file.o(.text)
    _printf_wctomb                           0x08004729   Thumb Code   182  _printf_wctomb.o(.text)
    _printf_longlong_dec                     0x080047e5   Thumb Code   108  _printf_longlong_dec.o(.text)
    _printf_longlong_oct                     0x08004861   Thumb Code    68  _printf_oct_int_ll.o(.text)
    _printf_int_oct                          0x080048a5   Thumb Code    24  _printf_oct_int_ll.o(.text)
    _printf_ll_oct                           0x080048bd   Thumb Code    12  _printf_oct_int_ll.o(.text)
    _printf_longlong_hex                     0x080048d1   Thumb Code    86  _printf_hex_int_ll_ptr.o(.text)
    _printf_int_hex                          0x08004927   Thumb Code    28  _printf_hex_int_ll_ptr.o(.text)
    _printf_ll_hex                           0x08004943   Thumb Code    12  _printf_hex_int_ll_ptr.o(.text)
    _printf_hex_ptr                          0x0800494f   Thumb Code    18  _printf_hex_int_ll_ptr.o(.text)
    __aeabi_errno_addr                       0x08004965   Thumb Code     8  rt_errno_addr_intlibspace.o(.text)
    __errno$intlibspace                      0x08004965   Thumb Code     0  rt_errno_addr_intlibspace.o(.text)
    __rt_errno_addr$intlibspace              0x08004965   Thumb Code     0  rt_errno_addr_intlibspace.o(.text)
    _ll_udiv10                               0x0800496d   Thumb Code   138  lludiv10.o(.text)
    _printf_int_common                       0x080049f7   Thumb Code   178  _printf_intcommon.o(.text)
    __lib_sel_fp_printf                      0x08004aa9   Thumb Code     2  _printf_fp_dec.o(.text)
    _printf_fp_dec_real                      0x08004c57   Thumb Code   620  _printf_fp_dec.o(.text)
    _printf_lcs_common                       0x08004ec3   Thumb Code    20  _printf_wchar.o(.text)
    _printf_wchar                            0x08004ed7   Thumb Code    16  _printf_wchar.o(.text)
    _printf_wstring                          0x08004ee7   Thumb Code     8  _printf_wchar.o(.text)
    ferror                                   0x08004eef   Thumb Code     8  ferror.o(.text)
    _wcrtomb                                 0x08004ef7   Thumb Code    64  _wcrtomb.o(.text)
    __user_libspace                          0x08004f39   Thumb Code     8  libspace.o(.text)
    __user_perproc_libspace                  0x08004f39   Thumb Code     0  libspace.o(.text)
    __user_perthread_libspace                0x08004f39   Thumb Code     0  libspace.o(.text)
    __user_setup_stackheap                   0x08004f41   Thumb Code    74  sys_stackheap_outer.o(.text)
    __rt_ctype_table                         0x08004f8d   Thumb Code    16  rt_ctype_table.o(.text)
    __rt_locale                              0x08004f9d   Thumb Code     8  rt_locale_intlibspace.o(.text)
    _printf_fp_infnan                        0x08004fa5   Thumb Code   112  _printf_fp_infnan.o(.text)
    _btod_etento                             0x08005025   Thumb Code   216  bigflt0.o(.text)
    exit                                     0x08005101   Thumb Code    12  exit.o(.text)
    strcmp                                   0x0800510d   Thumb Code   128  strcmpv7m.o(.text)
    _btod_d2e                                0x0800518d   Thumb Code    62  btod.o(CL$$btod_d2e)
    _d2e_denorm_low                          0x080051cb   Thumb Code    70  btod.o(CL$$btod_d2e_denorm_low)
    _d2e_norm_op1                            0x08005211   Thumb Code    96  btod.o(CL$$btod_d2e_norm_op1)
    __btod_div_common                        0x08005271   Thumb Code   696  btod.o(CL$$btod_div_common)
    _e2e                                     0x080055a9   Thumb Code   198  btod.o(CL$$btod_e2e)
    _btod_ediv                               0x0800566f   Thumb Code    40  btod.o(CL$$btod_ediv)
    _btod_emul                               0x08005697   Thumb Code    40  btod.o(CL$$btod_emul)
    __btod_mult_common                       0x080056bf   Thumb Code   580  btod.o(CL$$btod_mult_common)
    __ARM_fpclassify                         0x08005903   Thumb Code    48  fpclassify.o(i.__ARM_fpclassify)
    __hardfp_fabs                            0x08005933   Thumb Code    20  fabs.o(i.__hardfp_fabs)
    __hardfp_pow                             0x08005949   Thumb Code  3044  pow.o(i.__hardfp_pow)
    __kernel_poly                            0x08006581   Thumb Code   248  poly.o(i.__kernel_poly)
    __mathlib_dbl_divzero                    0x08006679   Thumb Code    28  dunder.o(i.__mathlib_dbl_divzero)
    __mathlib_dbl_infnan2                    0x080066a9   Thumb Code    20  dunder.o(i.__mathlib_dbl_infnan2)
    __mathlib_dbl_invalid                    0x080066c1   Thumb Code    24  dunder.o(i.__mathlib_dbl_invalid)
    __mathlib_dbl_overflow                   0x080066e1   Thumb Code    24  dunder.o(i.__mathlib_dbl_overflow)
    __mathlib_dbl_underflow                  0x08006701   Thumb Code    24  dunder.o(i.__mathlib_dbl_underflow)
    _is_digit                                0x08006721   Thumb Code    14  __printf_wp.o(i._is_digit)
    fabs                                     0x0800672f   Thumb Code    24  fabs.o(i.fabs)
    sqrt                                     0x08006747   Thumb Code   110  sqrt.o(i.sqrt)
    _get_lc_numeric                          0x080067b5   Thumb Code    44  lc_numeric_c.o(locale$$code)
    _get_lc_ctype                            0x080067e1   Thumb Code    44  lc_ctype_c.o(locale$$code)
    __aeabi_dneg                             0x0800680d   Thumb Code     0  basic.o(x$fpl$basic)
    _dneg                                    0x0800680d   Thumb Code     6  basic.o(x$fpl$basic)
    __aeabi_fneg                             0x08006813   Thumb Code     0  basic.o(x$fpl$basic)
    _fneg                                    0x08006813   Thumb Code     6  basic.o(x$fpl$basic)
    _dabs                                    0x08006819   Thumb Code     6  basic.o(x$fpl$basic)
    _fabs                                    0x0800681f   Thumb Code     6  basic.o(x$fpl$basic)
    __aeabi_d2f                              0x08006825   Thumb Code     0  d2f.o(x$fpl$d2f)
    _d2f                                     0x08006825   Thumb Code    98  d2f.o(x$fpl$d2f)
    __aeabi_dadd                             0x08006889   Thumb Code     0  daddsub_clz.o(x$fpl$dadd)
    _dadd                                    0x08006889   Thumb Code   332  daddsub_clz.o(x$fpl$dadd)
    __fpl_dcheck_NaN1                        0x080069d9   Thumb Code    10  dcheck1.o(x$fpl$dcheck1)
    __fpl_dcmp_Inf                           0x080069e9   Thumb Code    24  dcmpi.o(x$fpl$dcmpinf)
    __aeabi_ddiv                             0x08006a01   Thumb Code     0  ddiv.o(x$fpl$ddiv)
    _ddiv                                    0x08006a01   Thumb Code   552  ddiv.o(x$fpl$ddiv)
    __aeabi_d2iz                             0x08006cb1   Thumb Code     0  dfix.o(x$fpl$dfix)
    _dfix                                    0x08006cb1   Thumb Code    94  dfix.o(x$fpl$dfix)
    __aeabi_i2d                              0x08006d0f   Thumb Code     0  dflt_clz.o(x$fpl$dflt)
    _dflt                                    0x08006d0f   Thumb Code    46  dflt_clz.o(x$fpl$dflt)
    __aeabi_cdcmple                          0x08006d3d   Thumb Code     0  dleqf.o(x$fpl$dleqf)
    _dcmple                                  0x08006d3d   Thumb Code   120  dleqf.o(x$fpl$dleqf)
    __fpl_dcmple_InfNaN                      0x08006d9f   Thumb Code     0  dleqf.o(x$fpl$dleqf)
    __aeabi_dmul                             0x08006db5   Thumb Code     0  dmul.o(x$fpl$dmul)
    _dmul                                    0x08006db5   Thumb Code   332  dmul.o(x$fpl$dmul)
    __fpl_dnaninf                            0x08006f09   Thumb Code   156  dnaninf.o(x$fpl$dnaninf)
    __fpl_dretinf                            0x08006fa5   Thumb Code    12  dretinf.o(x$fpl$dretinf)
    __aeabi_cdrcmple                         0x08006fb1   Thumb Code     0  drleqf.o(x$fpl$drleqf)
    _drcmple                                 0x08006fb1   Thumb Code   108  drleqf.o(x$fpl$drleqf)
    __aeabi_drsub                            0x0800701d   Thumb Code     0  daddsub_clz.o(x$fpl$drsb)
    _drsb                                    0x0800701d   Thumb Code    22  daddsub_clz.o(x$fpl$drsb)
    _dsqrt                                   0x08007035   Thumb Code   404  dsqrt_umaal.o(x$fpl$dsqrt)
    __aeabi_dsub                             0x080071cd   Thumb Code     0  daddsub_clz.o(x$fpl$dsub)
    _dsub                                    0x080071cd   Thumb Code   464  daddsub_clz.o(x$fpl$dsub)
    __aeabi_f2d                              0x080073a1   Thumb Code     0  f2d.o(x$fpl$f2d)
    _f2d                                     0x080073a1   Thumb Code    86  f2d.o(x$fpl$f2d)
    __fpl_fnaninf                            0x080073f7   Thumb Code   140  fnaninf.o(x$fpl$fnaninf)
    _fp_init                                 0x08007483   Thumb Code    10  fpinit.o(x$fpl$fpinit)
    __fplib_config_fpu_vfp                   0x0800748b   Thumb Code     0  fpinit.o(x$fpl$fpinit)
    __fplib_config_pureend_doubles           0x0800748b   Thumb Code     0  fpinit.o(x$fpl$fpinit)
    __fpl_fretinf                            0x0800748d   Thumb Code    10  fretinf.o(x$fpl$fretinf)
    _printf_fp_dec                           0x08007497   Thumb Code     4  printf1.o(x$fpl$printf1)
    __fpl_return_NaN                         0x0800749b   Thumb Code   100  retnan.o(x$fpl$retnan)
    __ARM_scalbn                             0x080074ff   Thumb Code    92  scalbn.o(x$fpl$scalbn)
    __fpl_cmpreturn                          0x0800755b   Thumb Code    48  trapv.o(x$fpl$trapveneer)
    __I$use$fp                               0x0800758a   Number         0  usenofp.o(x$fpl$usenofp)
    __mathlib_zero                           0x08007658   Data           8  qnan.o(.constdata)
    Region$$Table$$Base                      0x080076f4   Number         0  anon$$obj.o(Region$$Table)
    Region$$Table$$Limit                     0x08007714   Number         0  anon$$obj.o(Region$$Table)
    __ctype                                  0x0800773d   Data           0  lc_ctype_c.o(locale$$data)
    rs485qianjinbuf                          0x20000000   Data           8  main.o(.data)
    rs485zuozhuanbuf                         0x20000008   Data           8  main.o(.data)
    rs485youzhuanbuf                         0x20000010   Data           8  main.o(.data)
    rs485houtuibuf                           0x20000018   Data           8  main.o(.data)
    rs485tingzhibuf                          0x20000020   Data           8  main.o(.data)
    rs485buzoubuf                            0x20000028   Data           8  main.o(.data)
    bitt                                     0x20000030   Data           1  main.o(.data)
    reclen                                   0x20000031   Data           1  main.o(.data)
    reclen4                                  0x20000032   Data           1  main.o(.data)
    fflag                                    0x20000033   Data           1  main.o(.data)
    xuhao                                    0x20000034   Data           1  main.o(.data)
    cishu                                    0x20000035   Data           1  main.o(.data)
    xpo                                      0x20000038   Data           4  main.o(.data)
    ypo                                      0x2000003c   Data           4  main.o(.data)
    zpo                                      0x20000040   Data           4  main.o(.data)
    zhongjian                                0x20000044   Data           1  main.o(.data)
    xxian                                    0x20000046   Data           2  main.o(.data)
    yxian                                    0x20000048   Data           2  main.o(.data)
    walkstate                                0x2000004c   Data           4  main.o(.data)
    terminusstate                            0x20000050   Data           4  main.o(.data)
    seeterminus                              0x20000054   Data           4  main.o(.data)
    selectbegin                              0x20000058   Data           4  main.o(.data)
    selectover                               0x2000005c   Data           4  main.o(.data)
    numb                                     0x20000060   Data           4  main.o(.data)
    numc                                     0x20000064   Data           4  main.o(.data)
    goal                                     0x20000068   Data           4  main.o(.data)
    SystemCoreClock                          0x2000006c   Data           4  system_stm32f4xx.o(.data)
    AHBPrescTable                            0x20000070   Data          16  system_stm32f4xx.o(.data)
    pastLSpeed                               0x20000080   Data           4  pid.o(.data)
    pastRSpeed                               0x20000084   Data           4  pid.o(.data)
    cutLSpeed                                0x20000088   Data           4  pid.o(.data)
    cutRSpeed                                0x2000008c   Data           4  pid.o(.data)
    flagb                                    0x20000090   Data           1  pid.o(.data)
    pz                                       0x20000094   Data           4  pid.o(.data)
    iz                                       0x20000098   Data           4  pid.o(.data)
    dz                                       0x2000009c   Data           4  pid.o(.data)
    pidzuo                                   0x200000a0   Data           4  pid.o(.data)
    zuosudu                                  0x200000a4   Data           4  pid.o(.data)
    yousudu                                  0x200000a8   Data           4  pid.o(.data)
    xaim                                     0x200000ac   Data           4  pid.o(.data)
    basespeed                                0x200000b0   Data           4  pid.o(.data)
    maxspeed                                 0x200000b4   Data           4  pid.o(.data)
    minspeed                                 0x200000b8   Data           4  pid.o(.data)
    zxaim                                    0x200000bc   Data           4  pid.o(.data)
    zyaim                                    0x200000c0   Data           4  pid.o(.data)
    zpz                                      0x200000c4   Data           4  pid.o(.data)
    ziz                                      0x200000c8   Data           4  pid.o(.data)
    zdz                                      0x200000cc   Data           4  pid.o(.data)
    zpy                                      0x200000d0   Data           4  pid.o(.data)
    ziy                                      0x200000d4   Data           4  pid.o(.data)
    zdy                                      0x200000d8   Data           4  pid.o(.data)
    slope                                    0x200000dc   Data           4  pid.o(.data)
    slopeP                                   0x200000e0   Data           4  pid.o(.data)
    pidtong                                  0x200000e4   Data           4  pid.o(.data)
    flag                                     0x200000e8   Data           4  pid.o(.data)
    pyz                                      0x200000ec   Data           4  pid.o(.data)
    yaim                                     0x200000f0   Data           4  pid.o(.data)
    zaim                                     0x200000f4   Data           4  pid.o(.data)
    detect_num                               0x200000f8   Data           4  pid.o(.data)
    waydirection                             0x200000fc   Data           4  pid.o(.data)
    ture_num                                 0x20000100   Data           4  pid.o(.data)
    USART3_RX_STA                            0x2000010c   Data           2  usart3.o(.data)
    usartt3                                  0x2000010e   Data           1  usart3.o(.data)
    RS485_RX_CNT                             0x2000010f   Data           1  rs485.o(.data)
    USART4_RX_STA                            0x20000110   Data           2  uart4.o(.data)
    usartt4                                  0x20000112   Data           1  uart4.o(.data)
    nowpoint                                 0x20000114   Data           4  route.o(.data)
    dian                                     0x20000118   Data         100  route.o(.data)
    intersection_num                         0x2000017c   Data          56  route.o(.data)
    direction                                0x200001b4   Data          72  route.o(.data)
    zhi                                      0x200001fc   Data          24  route.o(.data)
    __stdout6                                0x20000214   Data           4  usart6.o(.data)
    USART6_RX_STA                            0x20000218   Data           2  usart6.o(.data)
    chao_flag                                0x2000021a   Data           1  usart6.o(.data)
    time_flag                                0x2000021b   Data           1  usart6.o(.data)
    distance                                 0x2000021c   Data           4  usart6.o(.data)
    j                                        0x20000220   Data           1  usart6.o(.data)
    zxpo                                     0x20000224   Data           4  usart.o(.data)
    zypo                                     0x20000228   Data           4  usart.o(.data)
    fuhao                                    0x2000022c   Data           1  usart.o(.data)
    dataslove                                0x20000230   Data           4  usart.o(.data)
    __stdout                                 0x20000234   Data           4  usart.o(.data)
    USART_RX_STA                             0x20000238   Data           2  usart.o(.data)
    xzhi                                     0x20000250   Data          12  pid.o(.bss)
    zxzhi                                    0x2000025c   Data          12  pid.o(.bss)
    zyzhi                                    0x20000268   Data          12  pid.o(.bss)
    USART3_TX_BUF                            0x20000278   Data         400  usart3.o(.bss)
    USART3_RX_BUF                            0x20000408   Data         400  usart3.o(.bss)
    RS485_RX_BUF                             0x20000598   Data          64  rs485.o(.bss)
    USART4_TX_BUF                            0x200005d8   Data         400  uart4.o(.bss)
    USART4_RX_BUF                            0x20000768   Data         400  uart4.o(.bss)
    diannum                                  0x200008f8   Data          20  route.o(.bss)
    USART6_RX_BUF                            0x2000090c   Data         400  usart6.o(.bss)
    USART_RX_BUF                             0x20000a9c   Data         200  usart.o(.bss)
    __libspace_start                         0x20000b64   Data          96  libspace.o(.bss)
    __temporary_stack_top$libspace           0x20000bc4   Data           0  libspace.o(.bss)



==============================================================================

Memory Map of the image

  Image Entry point : 0x08000189

  Load Region LR_IROM1 (Base: 0x08000000, Size: 0x00007a90, Max: 0x00100000, ABSOLUTE, COMPRESSED[0x0000790c])

    Execution Region ER_IROM1 (Base: 0x08000000, Size: 0x00007840, Max: 0x00100000, ABSOLUTE)

    Base Addr    Size         Type   Attr      Idx    E Section Name        Object

    0x08000000   0x00000188   Data   RO          582    RESET               startup_stm32f40_41xxx.o
    0x08000188   0x00000008   Code   RO          772  * !!!main             c_w.l(__main.o)
    0x08000190   0x00000034   Code   RO         1171    !!!scatter          c_w.l(__scatter.o)
    0x080001c4   0x0000005a   Code   RO         1169    !!dczerorl2         c_w.l(__dczerorl2.o)
    0x0800021e   0x00000002   PAD
    0x08000220   0x0000001c   Code   RO         1173    !!handler_zi        c_w.l(__scatter_zi.o)
    0x0800023c   0x00000000   Code   RO          767    .ARM.Collect$$_printf_percent$$00000000  c_w.l(_printf_percent.o)
    0x0800023c   0x00000006   Code   RO          874    .ARM.Collect$$_printf_percent$$00000001  c_w.l(_printf_n.o)
    0x08000242   0x00000006   Code   RO          876    .ARM.Collect$$_printf_percent$$00000002  c_w.l(_printf_p.o)
    0x08000248   0x00000006   Code   RO          881    .ARM.Collect$$_printf_percent$$00000003  c_w.l(_printf_f.o)
    0x0800024e   0x00000006   Code   RO          882    .ARM.Collect$$_printf_percent$$00000004  c_w.l(_printf_e.o)
    0x08000254   0x00000006   Code   RO          883    .ARM.Collect$$_printf_percent$$00000005  c_w.l(_printf_g.o)
    0x0800025a   0x00000006   Code   RO          884    .ARM.Collect$$_printf_percent$$00000006  c_w.l(_printf_a.o)
    0x08000260   0x0000000a   Code   RO          889    .ARM.Collect$$_printf_percent$$00000007  c_w.l(_printf_ll.o)
    0x0800026a   0x00000006   Code   RO          878    .ARM.Collect$$_printf_percent$$00000008  c_w.l(_printf_i.o)
    0x08000270   0x00000006   Code   RO          879    .ARM.Collect$$_printf_percent$$00000009  c_w.l(_printf_d.o)
    0x08000276   0x00000006   Code   RO          880    .ARM.Collect$$_printf_percent$$0000000A  c_w.l(_printf_u.o)
    0x0800027c   0x00000006   Code   RO          877    .ARM.Collect$$_printf_percent$$0000000B  c_w.l(_printf_o.o)
    0x08000282   0x00000006   Code   RO          875    .ARM.Collect$$_printf_percent$$0000000C  c_w.l(_printf_x.o)
    0x08000288   0x00000006   Code   RO          886    .ARM.Collect$$_printf_percent$$0000000D  c_w.l(_printf_lli.o)
    0x0800028e   0x00000006   Code   RO          887    .ARM.Collect$$_printf_percent$$0000000E  c_w.l(_printf_lld.o)
    0x08000294   0x00000006   Code   RO          888    .ARM.Collect$$_printf_percent$$0000000F  c_w.l(_printf_llu.o)
    0x0800029a   0x00000006   Code   RO          893    .ARM.Collect$$_printf_percent$$00000010  c_w.l(_printf_llo.o)
    0x080002a0   0x00000006   Code   RO          894    .ARM.Collect$$_printf_percent$$00000011  c_w.l(_printf_llx.o)
    0x080002a6   0x0000000a   Code   RO          890    .ARM.Collect$$_printf_percent$$00000012  c_w.l(_printf_l.o)
    0x080002b0   0x00000006   Code   RO          873    .ARM.Collect$$_printf_percent$$00000013  c_w.l(_printf_c.o)
    0x080002b6   0x00000006   Code   RO          766    .ARM.Collect$$_printf_percent$$00000014  c_w.l(_printf_s.o)
    0x080002bc   0x00000006   Code   RO          891    .ARM.Collect$$_printf_percent$$00000015  c_w.l(_printf_lc.o)
    0x080002c2   0x00000006   Code   RO          892    .ARM.Collect$$_printf_percent$$00000016  c_w.l(_printf_ls.o)
    0x080002c8   0x00000004   Code   RO          885    .ARM.Collect$$_printf_percent$$00000017  c_w.l(_printf_percent_end.o)
    0x080002cc   0x00000002   Code   RO         1036    .ARM.Collect$$libinit$$00000000  c_w.l(libinit.o)
    0x080002ce   0x00000004   Code   RO         1048    .ARM.Collect$$libinit$$00000001  c_w.l(libinit2.o)
    0x080002d2   0x00000000   Code   RO         1051    .ARM.Collect$$libinit$$00000004  c_w.l(libinit2.o)
    0x080002d2   0x00000000   Code   RO         1054    .ARM.Collect$$libinit$$0000000A  c_w.l(libinit2.o)
    0x080002d2   0x00000000   Code   RO         1056    .ARM.Collect$$libinit$$0000000C  c_w.l(libinit2.o)
    0x080002d2   0x00000000   Code   RO         1058    .ARM.Collect$$libinit$$0000000E  c_w.l(libinit2.o)
    0x080002d2   0x00000006   Code   RO         1059    .ARM.Collect$$libinit$$0000000F  c_w.l(libinit2.o)
    0x080002d8   0x00000000   Code   RO         1061    .ARM.Collect$$libinit$$00000011  c_w.l(libinit2.o)
    0x080002d8   0x0000000c   Code   RO         1062    .ARM.Collect$$libinit$$00000012  c_w.l(libinit2.o)
    0x080002e4   0x00000000   Code   RO         1063    .ARM.Collect$$libinit$$00000013  c_w.l(libinit2.o)
    0x080002e4   0x00000000   Code   RO         1065    .ARM.Collect$$libinit$$00000015  c_w.l(libinit2.o)
    0x080002e4   0x0000000a   Code   RO         1066    .ARM.Collect$$libinit$$00000016  c_w.l(libinit2.o)
    0x080002ee   0x00000000   Code   RO         1067    .ARM.Collect$$libinit$$00000017  c_w.l(libinit2.o)
    0x080002ee   0x00000000   Code   RO         1069    .ARM.Collect$$libinit$$00000019  c_w.l(libinit2.o)
    0x080002ee   0x00000000   Code   RO         1071    .ARM.Collect$$libinit$$0000001B  c_w.l(libinit2.o)
    0x080002ee   0x00000000   Code   RO         1073    .ARM.Collect$$libinit$$0000001D  c_w.l(libinit2.o)
    0x080002ee   0x00000000   Code   RO         1075    .ARM.Collect$$libinit$$0000001F  c_w.l(libinit2.o)
    0x080002ee   0x00000000   Code   RO         1077    .ARM.Collect$$libinit$$00000021  c_w.l(libinit2.o)
    0x080002ee   0x00000000   Code   RO         1079    .ARM.Collect$$libinit$$00000023  c_w.l(libinit2.o)
    0x080002ee   0x00000000   Code   RO         1081    .ARM.Collect$$libinit$$00000025  c_w.l(libinit2.o)
    0x080002ee   0x00000000   Code   RO         1085    .ARM.Collect$$libinit$$0000002C  c_w.l(libinit2.o)
    0x080002ee   0x00000000   Code   RO         1087    .ARM.Collect$$libinit$$0000002E  c_w.l(libinit2.o)
    0x080002ee   0x00000000   Code   RO         1089    .ARM.Collect$$libinit$$00000030  c_w.l(libinit2.o)
    0x080002ee   0x00000000   Code   RO         1091    .ARM.Collect$$libinit$$00000032  c_w.l(libinit2.o)
    0x080002ee   0x00000002   Code   RO         1092    .ARM.Collect$$libinit$$00000033  c_w.l(libinit2.o)
    0x080002f0   0x00000002   Code   RO         1112    .ARM.Collect$$libshutdown$$00000000  c_w.l(libshutdown.o)
    0x080002f2   0x00000000   Code   RO         1123    .ARM.Collect$$libshutdown$$00000003  c_w.l(libshutdown2.o)
    0x080002f2   0x00000000   Code   RO         1126    .ARM.Collect$$libshutdown$$00000006  c_w.l(libshutdown2.o)
    0x080002f2   0x00000000   Code   RO         1129    .ARM.Collect$$libshutdown$$00000009  c_w.l(libshutdown2.o)
    0x080002f2   0x00000000   Code   RO         1131    .ARM.Collect$$libshutdown$$0000000B  c_w.l(libshutdown2.o)
    0x080002f2   0x00000000   Code   RO         1134    .ARM.Collect$$libshutdown$$0000000E  c_w.l(libshutdown2.o)
    0x080002f2   0x00000002   Code   RO         1135    .ARM.Collect$$libshutdown$$0000000F  c_w.l(libshutdown2.o)
    0x080002f4   0x00000000   Code   RO          822    .ARM.Collect$$rtentry$$00000000  c_w.l(__rtentry.o)
    0x080002f4   0x00000000   Code   RO          948    .ARM.Collect$$rtentry$$00000002  c_w.l(__rtentry2.o)
    0x080002f4   0x00000006   Code   RO          960    .ARM.Collect$$rtentry$$00000004  c_w.l(__rtentry4.o)
    0x080002fa   0x00000000   Code   RO          950    .ARM.Collect$$rtentry$$00000009  c_w.l(__rtentry2.o)
    0x080002fa   0x00000004   Code   RO          951    .ARM.Collect$$rtentry$$0000000A  c_w.l(__rtentry2.o)
    0x080002fe   0x00000000   Code   RO          953    .ARM.Collect$$rtentry$$0000000C  c_w.l(__rtentry2.o)
    0x080002fe   0x00000008   Code   RO          954    .ARM.Collect$$rtentry$$0000000D  c_w.l(__rtentry2.o)
    0x08000306   0x00000002   Code   RO         1041    .ARM.Collect$$rtexit$$00000000  c_w.l(rtexit.o)
    0x08000308   0x00000000   Code   RO         1096    .ARM.Collect$$rtexit$$00000002  c_w.l(rtexit2.o)
    0x08000308   0x00000004   Code   RO         1097    .ARM.Collect$$rtexit$$00000003  c_w.l(rtexit2.o)
    0x0800030c   0x00000006   Code   RO         1098    .ARM.Collect$$rtexit$$00000004  c_w.l(rtexit2.o)
    0x08000312   0x00000002   PAD
    0x08000314   0x00000218   Code   RO            3    .text               main.o
    0x0800052c   0x0000001a   Code   RO          186    .text               stm32f4xx_it.o
    0x08000546   0x00000002   PAD
    0x08000548   0x00000210   Code   RO          235    .text               system_stm32f4xx.o
    0x08000758   0x00000b00   Code   RO          261    .text               pid.o
    0x08001258   0x00000284   Code   RO          286    .text               usart3.o
    0x080014dc   0x00000164   Code   RO          324    .text               timer.o
    0x08001640   0x00000294   Code   RO          365    .text               rs485.o
    0x080018d4   0x000002e4   Code   RO          392    .text               uart4.o
    0x08001bb8   0x000001ac   Code   RO          439    .text               pwm.o
    0x08001d64   0x000000f0   Code   RO          457    .text               route.o
    0x08001e54   0x000001c8   Code   RO          475    .text               usart6.o
    0x0800201c   0x000006e8   Code   RO          510    .text               usart.o
    0x08002704   0x00000104   Code   RO          542    .text               delay.o
    0x08002808   0x00000040   Code   RO          583    .text               startup_stm32f40_41xxx.o
    0x08002848   0x000000e0   Code   RO          589    .text               misc.o
    0x08002928   0x00000294   Code   RO          609    .text               stm32f4xx_gpio.o
    0x08002bbc   0x00000454   Code   RO          629    .text               stm32f4xx_usart.o
    0x08003010   0x00000ca2   Code   RO          649    .text               stm32f4xx_tim.o
    0x08003cb2   0x00000002   PAD
    0x08003cb4   0x0000065c   Code   RO          689    .text               stm32f4xx_rcc.o
    0x08004310   0x00000002   Code   RO          734    .text               c_w.l(use_no_semi_2.o)
    0x08004312   0x00000002   PAD
    0x08004314   0x00000024   Code   RO          736    .text               c_w.l(c89vsprintf.o)
    0x08004338   0x00000018   Code   RO          738    .text               c_w.l(__2printf.o)
    0x08004350   0x00000052   Code   RO          744    .text               c_w.l(_printf_str.o)
    0x080043a2   0x00000002   PAD
    0x080043a4   0x00000188   Code   RO          763    .text               c_w.l(__printf_flags_ss_wp.o)
    0x0800452c   0x0000003e   Code   RO          768    .text               c_w.l(strlen.o)
    0x0800456a   0x00000006   Code   RO          770    .text               c_w.l(heapauxi.o)
    0x08004570   0x00000002   Code   RO          820    .text               c_w.l(use_no_semi.o)
    0x08004572   0x00000016   Code   RO          823    .text               c_w.l(_rserrno.o)
    0x08004588   0x0000004e   Code   RO          825    .text               c_w.l(_printf_pad.o)
    0x080045d6   0x00000024   Code   RO          827    .text               c_w.l(_printf_truncate.o)
    0x080045fa   0x00000002   PAD
    0x080045fc   0x00000078   Code   RO          829    .text               c_w.l(_printf_dec.o)
    0x08004674   0x00000028   Code   RO          831    .text               c_w.l(_printf_charcount.o)
    0x0800469c   0x00000030   Code   RO          833    .text               c_w.l(_printf_char_common.o)
    0x080046cc   0x0000000a   Code   RO          835    .text               c_w.l(_sputc.o)
    0x080046d6   0x0000002c   Code   RO          837    .text               c_w.l(_printf_char.o)
    0x08004702   0x00000002   PAD
    0x08004704   0x00000024   Code   RO          839    .text               c_w.l(_printf_char_file.o)
    0x08004728   0x000000bc   Code   RO          841    .text               c_w.l(_printf_wctomb.o)
    0x080047e4   0x0000007c   Code   RO          844    .text               c_w.l(_printf_longlong_dec.o)
    0x08004860   0x00000070   Code   RO          850    .text               c_w.l(_printf_oct_int_ll.o)
    0x080048d0   0x00000094   Code   RO          870    .text               c_w.l(_printf_hex_int_ll_ptr.o)
    0x08004964   0x00000008   Code   RO          965    .text               c_w.l(rt_errno_addr_intlibspace.o)
    0x0800496c   0x0000008a   Code   RO          967    .text               c_w.l(lludiv10.o)
    0x080049f6   0x000000b2   Code   RO          969    .text               c_w.l(_printf_intcommon.o)
    0x08004aa8   0x0000041a   Code   RO          971    .text               c_w.l(_printf_fp_dec.o)
    0x08004ec2   0x0000002c   Code   RO          975    .text               c_w.l(_printf_wchar.o)
    0x08004eee   0x00000008   Code   RO          977    .text               c_w.l(ferror.o)
    0x08004ef6   0x00000040   Code   RO          981    .text               c_w.l(_wcrtomb.o)
    0x08004f36   0x00000002   PAD
    0x08004f38   0x00000008   Code   RO          987    .text               c_w.l(libspace.o)
    0x08004f40   0x0000004a   Code   RO          990    .text               c_w.l(sys_stackheap_outer.o)
    0x08004f8a   0x00000002   PAD
    0x08004f8c   0x00000010   Code   RO          992    .text               c_w.l(rt_ctype_table.o)
    0x08004f9c   0x00000008   Code   RO          997    .text               c_w.l(rt_locale_intlibspace.o)
    0x08004fa4   0x00000080   Code   RO          999    .text               c_w.l(_printf_fp_infnan.o)
    0x08005024   0x000000dc   Code   RO         1001    .text               c_w.l(bigflt0.o)
    0x08005100   0x0000000c   Code   RO         1029    .text               c_w.l(exit.o)
    0x0800510c   0x00000080   Code   RO         1046    .text               c_w.l(strcmpv7m.o)
    0x0800518c   0x0000003e   Code   RO         1004    CL$$btod_d2e        c_w.l(btod.o)
    0x080051ca   0x00000046   Code   RO         1006    CL$$btod_d2e_denorm_low  c_w.l(btod.o)
    0x08005210   0x00000060   Code   RO         1005    CL$$btod_d2e_norm_op1  c_w.l(btod.o)
    0x08005270   0x00000338   Code   RO         1014    CL$$btod_div_common  c_w.l(btod.o)
    0x080055a8   0x000000c6   Code   RO         1011    CL$$btod_e2e        c_w.l(btod.o)
    0x0800566e   0x00000028   Code   RO         1008    CL$$btod_ediv       c_w.l(btod.o)
    0x08005696   0x00000028   Code   RO         1007    CL$$btod_emul       c_w.l(btod.o)
    0x080056be   0x00000244   Code   RO         1013    CL$$btod_mult_common  c_w.l(btod.o)
    0x08005902   0x00000030   Code   RO          930    i.__ARM_fpclassify  m_wm.l(fpclassify.o)
    0x08005932   0x00000014   Code   RO          800    i.__hardfp_fabs     m_wm.l(fabs.o)
    0x08005946   0x00000002   PAD
    0x08005948   0x00000c38   Code   RO          806    i.__hardfp_pow      m_wm.l(pow.o)
    0x08006580   0x000000f8   Code   RO          932    i.__kernel_poly     m_wm.l(poly.o)
    0x08006678   0x00000030   Code   RO          916    i.__mathlib_dbl_divzero  m_wm.l(dunder.o)
    0x080066a8   0x00000014   Code   RO          918    i.__mathlib_dbl_infnan2  m_wm.l(dunder.o)
    0x080066bc   0x00000004   PAD
    0x080066c0   0x00000020   Code   RO          919    i.__mathlib_dbl_invalid  m_wm.l(dunder.o)
    0x080066e0   0x00000020   Code   RO          920    i.__mathlib_dbl_overflow  m_wm.l(dunder.o)
    0x08006700   0x00000020   Code   RO          922    i.__mathlib_dbl_underflow  m_wm.l(dunder.o)
    0x08006720   0x0000000e   Code   RO          756    i._is_digit         c_w.l(__printf_wp.o)
    0x0800672e   0x00000018   Code   RO          802    i.fabs              m_wm.l(fabs.o)
    0x08006746   0x0000006e   Code   RO          937    i.sqrt              m_wm.l(sqrt.o)
    0x080067b4   0x0000002c   Code   RO         1027    locale$$code        c_w.l(lc_numeric_c.o)
    0x080067e0   0x0000002c   Code   RO         1044    locale$$code        c_w.l(lc_ctype_c.o)
    0x0800680c   0x00000018   Code   RO          895    x$fpl$basic         fz_wm.l(basic.o)
    0x08006824   0x00000062   Code   RO          774    x$fpl$d2f           fz_wm.l(d2f.o)
    0x08006886   0x00000002   PAD
    0x08006888   0x00000150   Code   RO          776    x$fpl$dadd          fz_wm.l(daddsub_clz.o)
    0x080069d8   0x00000010   Code   RO          983    x$fpl$dcheck1       fz_wm.l(dcheck1.o)
    0x080069e8   0x00000018   Code   RO          897    x$fpl$dcmpinf       fz_wm.l(dcmpi.o)
    0x08006a00   0x000002b0   Code   RO          900    x$fpl$ddiv          fz_wm.l(ddiv.o)
    0x08006cb0   0x0000005e   Code   RO          782    x$fpl$dfix          fz_wm.l(dfix.o)
    0x08006d0e   0x0000002e   Code   RO          787    x$fpl$dflt          fz_wm.l(dflt_clz.o)
    0x08006d3c   0x00000078   Code   RO          792    x$fpl$dleqf         fz_wm.l(dleqf.o)
    0x08006db4   0x00000154   Code   RO          794    x$fpl$dmul          fz_wm.l(dmul.o)
    0x08006f08   0x0000009c   Code   RO          903    x$fpl$dnaninf       fz_wm.l(dnaninf.o)
    0x08006fa4   0x0000000c   Code   RO          905    x$fpl$dretinf       fz_wm.l(dretinf.o)
    0x08006fb0   0x0000006c   Code   RO          796    x$fpl$drleqf        fz_wm.l(drleqf.o)
    0x0800701c   0x00000016   Code   RO          777    x$fpl$drsb          fz_wm.l(daddsub_clz.o)
    0x08007032   0x00000002   PAD
    0x08007034   0x00000198   Code   RO          985    x$fpl$dsqrt         fz_wm.l(dsqrt_umaal.o)
    0x080071cc   0x000001d4   Code   RO          778    x$fpl$dsub          fz_wm.l(daddsub_clz.o)
    0x080073a0   0x00000056   Code   RO          798    x$fpl$f2d           fz_wm.l(f2d.o)
    0x080073f6   0x0000008c   Code   RO          907    x$fpl$fnaninf       fz_wm.l(fnaninf.o)
    0x08007482   0x0000000a   Code   RO         1104    x$fpl$fpinit        fz_wm.l(fpinit.o)
    0x0800748c   0x0000000a   Code   RO          909    x$fpl$fretinf       fz_wm.l(fretinf.o)
    0x08007496   0x00000004   Code   RO          911    x$fpl$printf1       fz_wm.l(printf1.o)
    0x0800749a   0x00000064   Code   RO         1039    x$fpl$retnan        fz_wm.l(retnan.o)
    0x080074fe   0x0000005c   Code   RO          913    x$fpl$scalbn        fz_wm.l(scalbn.o)
    0x0800755a   0x00000030   Code   RO         1093    x$fpl$trapveneer    fz_wm.l(trapv.o)
    0x0800758a   0x00000000   Code   RO          915    x$fpl$usenofp       fz_wm.l(usenofp.o)
    0x0800758a   0x00000011   Data   RO          764    .constdata          c_w.l(__printf_flags_ss_wp.o)
    0x0800759b   0x00000005   PAD
    0x080075a0   0x00000088   Data   RO          809    .constdata          m_wm.l(pow.o)
    0x08007628   0x00000008   Data   RO          842    .constdata          c_w.l(_printf_wctomb.o)
    0x08007630   0x00000028   Data   RO          871    .constdata          c_w.l(_printf_hex_int_ll_ptr.o)
    0x08007658   0x00000008   Data   RO          934    .constdata          m_wm.l(qnan.o)
    0x08007660   0x00000094   Data   RO         1002    .constdata          c_w.l(bigflt0.o)
    0x080076f4   0x00000020   Data   RO         1167    Region$$Table       anon$$obj.o
    0x08007714   0x0000001c   Data   RO         1026    locale$$data        c_w.l(lc_numeric_c.o)
    0x08007730   0x00000110   Data   RO         1043    locale$$data        c_w.l(lc_ctype_c.o)


    Execution Region RW_IRAM1 (Base: 0x20000000, Size: 0x000011c8, Max: 0x00020000, ABSOLUTE, COMPRESSED[0x000000cc])

    Base Addr    Size         Type   Attr      Idx    E Section Name        Object

    0x20000000   0x0000006c   Data   RW            4    .data               main.o
    0x2000006c   0x00000014   Data   RW          236    .data               system_stm32f4xx.o
    0x20000080   0x0000008c   Data   RW          263    .data               pid.o
    0x2000010c   0x00000003   Data   RW          288    .data               usart3.o
    0x2000010f   0x00000001   Data   RW          367    .data               rs485.o
    0x20000110   0x00000003   Data   RW          394    .data               uart4.o
    0x20000113   0x00000001   PAD
    0x20000114   0x00000100   Data   RW          459    .data               route.o
    0x20000214   0x0000000d   Data   RW          477    .data               usart6.o
    0x20000221   0x00000003   PAD
    0x20000224   0x00000016   Data   RW          512    .data               usart.o
    0x2000023a   0x00000004   Data   RW          543    .data               delay.o
    0x2000023e   0x00000010   Data   RW          690    .data               stm32f4xx_rcc.o
    0x2000024e   0x00000002   PAD
    0x20000250   0x00000024   Zero   RW          262    .bss                pid.o
    0x20000274   0x00000004   PAD
    0x20000278   0x00000320   Zero   RW          287    .bss                usart3.o
    0x20000598   0x00000040   Zero   RW          366    .bss                rs485.o
    0x200005d8   0x00000320   Zero   RW          393    .bss                uart4.o
    0x200008f8   0x00000014   Zero   RW          458    .bss                route.o
    0x2000090c   0x00000190   Zero   RW          476    .bss                usart6.o
    0x20000a9c   0x000000c8   Zero   RW          511    .bss                usart.o
    0x20000b64   0x00000060   Zero   RW          988    .bss                c_w.l(libspace.o)
    0x20000bc4   0x00000004   PAD
    0x20000bc8   0x00000200   Zero   RW          581    HEAP                startup_stm32f40_41xxx.o
    0x20000dc8   0x00000400   Zero   RW          580    STACK               startup_stm32f40_41xxx.o


==============================================================================

Image component sizes


      Code (inc. data)   RO Data    RW Data    ZI Data      Debug   Object Name

       260          8          0          4          0       1473   delay.o
       536         54          0        108          0     285577   main.o
       224         20          0          0          0       1853   misc.o
      2816        300          0        140         36       5843   pid.o
       428         18          0          0          0       1401   pwm.o
       240         20          0        256         20       2475   route.o
       660         68          0          1         64       3096   rs485.o
        64         26        392          0       1536        844   startup_stm32f40_41xxx.o
       660         44          0          0          0       4129   stm32f4xx_gpio.o
        26          0          0          0          0       1242   stm32f4xx_it.o
      1628         52          0         16          0      12936   stm32f4xx_rcc.o
      3234         60          0          0          0      22336   stm32f4xx_tim.o
      1108         34          0          0          0       7832   stm32f4xx_usart.o
       528         46          0         20          0       1831   system_stm32f4xx.o
       356         28          0          0          0       1534   timer.o
       740        280          0          3        800       2137   uart4.o
      1768        124          0         22        200       4788   usart.o
       644         40          0          3        800       3115   usart3.o
       456         30          0         13        400       4791   usart6.o

    ----------------------------------------------------------------------
     16380       1252        424        592       3860     369233   Object Totals
         0          0         32          0          0          0   (incl. Generated)
         4          0          0          6          4          0   (incl. Padding)

    ----------------------------------------------------------------------

      Code (inc. data)   RO Data    RW Data    ZI Data      Debug   Library Member Name

        24          4          0          0          0         84   __2printf.o
        90          0          0          0          0          0   __dczerorl2.o
         8          0          0          0          0         68   __main.o
       392          4         17          0          0         92   __printf_flags_ss_wp.o
        14          0          0          0          0         68   __printf_wp.o
         0          0          0          0          0          0   __rtentry.o
        12          0          0          0          0          0   __rtentry2.o
         6          0          0          0          0          0   __rtentry4.o
        52          8          0          0          0          0   __scatter.o
        28          0          0          0          0          0   __scatter_zi.o
         6          0          0          0          0          0   _printf_a.o
         6          0          0          0          0          0   _printf_c.o
        44          0          0          0          0        108   _printf_char.o
        48          6          0          0          0         96   _printf_char_common.o
        36          4          0          0          0         80   _printf_char_file.o
        40          0          0          0          0         68   _printf_charcount.o
         6          0          0          0          0          0   _printf_d.o
       120         16          0          0          0         92   _printf_dec.o
         6          0          0          0          0          0   _printf_e.o
         6          0          0          0          0          0   _printf_f.o
      1050          0          0          0          0        216   _printf_fp_dec.o
       128         16          0          0          0         84   _printf_fp_infnan.o
         6          0          0          0          0          0   _printf_g.o
       148          4         40          0          0        160   _printf_hex_int_ll_ptr.o
         6          0          0          0          0          0   _printf_i.o
       178          0          0          0          0         88   _printf_intcommon.o
        10          0          0          0          0          0   _printf_l.o
         6          0          0          0          0          0   _printf_lc.o
        10          0          0          0          0          0   _printf_ll.o
         6          0          0          0          0          0   _printf_lld.o
         6          0          0          0          0          0   _printf_lli.o
         6          0          0          0          0          0   _printf_llo.o
         6          0          0          0          0          0   _printf_llu.o
         6          0          0          0          0          0   _printf_llx.o
       124         16          0          0          0         92   _printf_longlong_dec.o
         6          0          0          0          0          0   _printf_ls.o
         6          0          0          0          0          0   _printf_n.o
         6          0          0          0          0          0   _printf_o.o
       112          8          0          0          0        124   _printf_oct_int_ll.o
         6          0          0          0          0          0   _printf_p.o
        78          0          0          0          0        108   _printf_pad.o
         0          0          0          0          0          0   _printf_percent.o
         4          0          0          0          0          0   _printf_percent_end.o
         6          0          0          0          0          0   _printf_s.o
        82          0          0          0          0         80   _printf_str.o
        36          0          0          0          0         84   _printf_truncate.o
         6          0          0          0          0          0   _printf_u.o
        44          0          0          0          0        108   _printf_wchar.o
       188          6          8          0          0         92   _printf_wctomb.o
         6          0          0          0          0          0   _printf_x.o
        22          0          0          0          0        100   _rserrno.o
        10          0          0          0          0         68   _sputc.o
        64          0          0          0          0         92   _wcrtomb.o
       220          4        148          0          0         96   bigflt0.o
      1910        128          0          0          0        672   btod.o
        36          4          0          0          0         76   c89vsprintf.o
        12          0          0          0          0         72   exit.o
         8          0          0          0          0         68   ferror.o
         6          0          0          0          0        152   heapauxi.o
        44         10        272          0          0         76   lc_ctype_c.o
        44         10         28          0          0         76   lc_numeric_c.o
         2          0          0          0          0          0   libinit.o
        34          0          0          0          0          0   libinit2.o
         2          0          0          0          0          0   libshutdown.o
         2          0          0          0          0          0   libshutdown2.o
         8          4          0          0         96         68   libspace.o
       138          0          0          0          0         80   lludiv10.o
        16          4          0          0          0         76   rt_ctype_table.o
         8          4          0          0          0         68   rt_errno_addr_intlibspace.o
         8          4          0          0          0         68   rt_locale_intlibspace.o
         2          0          0          0          0          0   rtexit.o
        10          0          0          0          0          0   rtexit2.o
       128          0          0          0          0         68   strcmpv7m.o
        62          0          0          0          0         76   strlen.o
        74          0          0          0          0         80   sys_stackheap_outer.o
         2          0          0          0          0         68   use_no_semi.o
         2          0          0          0          0         68   use_no_semi_2.o
        24          0          0          0          0        164   basic.o
        98          4          0          0          0        140   d2f.o
       826         16          0          0          0        492   daddsub_clz.o
        16          4          0          0          0        116   dcheck1.o
        24          0          0          0          0        116   dcmpi.o
       688        140          0          0          0        256   ddiv.o
        94          4          0          0          0        140   dfix.o
        46          0          0          0          0        116   dflt_clz.o
       120          4          0          0          0        140   dleqf.o
       340         12          0          0          0        152   dmul.o
       156          4          0          0          0        140   dnaninf.o
        12          0          0          0          0        116   dretinf.o
       108          0          0          0          0        128   drleqf.o
       408         56          0          0          0        168   dsqrt_umaal.o
        86          4          0          0          0        132   f2d.o
       140          4          0          0          0        132   fnaninf.o
        10          0          0          0          0        116   fpinit.o
        10          0          0          0          0        116   fretinf.o
         4          0          0          0          0        116   printf1.o
       100          0          0          0          0        116   retnan.o
        92          0          0          0          0        116   scalbn.o
        48          0          0          0          0        116   trapv.o
         0          0          0          0          0          0   usenofp.o
       164         44          0          0          0        620   dunder.o
        44          0          0          0          0        248   fabs.o
        48          0          0          0          0        124   fpclassify.o
       248          0          0          0          0        152   poly.o
      3128        302        136          0          0        356   pow.o
         0          0          8          0          0          0   qnan.o
       110          0          0          0          0        148   sqrt.o

    ----------------------------------------------------------------------
     13318        862        662          0        100       9252   Library Totals
        26          0          5          0          4          0   (incl. Padding)

    ----------------------------------------------------------------------

      Code (inc. data)   RO Data    RW Data    ZI Data      Debug   Library Name

      6100        264        513          0         96       4260   c_w.l
      3450        252          0          0          0       3344   fz_wm.l
      3742        346        144          0          0       1648   m_wm.l

    ----------------------------------------------------------------------
     13318        862        662          0        100       9252   Library Totals

    ----------------------------------------------------------------------

==============================================================================


      Code (inc. data)   RO Data    RW Data    ZI Data      Debug   

     29698       2114       1086        592       3960     369145   Grand Totals
     29698       2114       1086        204       3960     369145   ELF Image Totals (compressed)
     29698       2114       1086        204          0          0   ROM Totals

==============================================================================

    Total RO  Size (Code + RO Data)                30784 (  30.06kB)
    Total RW  Size (RW Data + ZI Data)              4552 (   4.45kB)
    Total ROM Size (Code + RO Data + RW Data)      30988 (  30.26kB)

==============================================================================

